Component: ARM Compiler 5.06 update 6 (build 750) Tool: armlink [4d35ed]

==============================================================================

Section Cross References

    main.o(i.main) refers to delay.o(i.delay_init) for delay_init
    main.o(i.main) refers to misc.o(i.NVIC_PriorityGroupConfig) for NVIC_PriorityGroupConfig
    main.o(i.main) refers to usart.o(i.uart_init) for uart_init
    main.o(i.main) refers to usart2.o(i.USART2_Init) for USART2_Init
    main.o(i.main) refers to usart3.o(i.USART3_Init) for USART3_Init
    main.o(i.main) refers to led.o(i.LED_Init) for LED_Init
    main.o(i.main) refers to gsm.o(i.Init) for Init
    main.o(i.main) refers to gps.o(i.GPS_Analysis) for GPS_Analysis
    main.o(i.main) refers to gps.o(i.Gps_Get_Send_Data) for Gps_Get_Send_Data
    main.o(i.main) refers to usart3.o(.data) for USART3_RX_STA
    main.o(i.main) refers to usart3.o(.bss) for USART3_TX_BUF
    main.o(i.main) refers to main.o(.bss) for gpsx
    system_stm32f10x.o(i.SetSysClock) refers to system_stm32f10x.o(i.SetSysClockTo72) for SetSysClockTo72
    system_stm32f10x.o(i.SystemCoreClockUpdate) refers to system_stm32f10x.o(.data) for SystemCoreClock
    system_stm32f10x.o(i.SystemInit) refers to system_stm32f10x.o(i.SetSysClock) for SetSysClock
    delay.o(i.delay_init) refers to misc.o(i.SysTick_CLKSourceConfig) for SysTick_CLKSourceConfig
    delay.o(i.delay_init) refers to system_stm32f10x.o(.data) for SystemCoreClock
    delay.o(i.delay_init) refers to delay.o(.data) for fac_us
    delay.o(i.delay_ms) refers to delay.o(.data) for fac_ms
    delay.o(i.delay_s) refers to delay.o(i.delay_ms) for delay_ms
    delay.o(i.delay_us) refers to delay.o(.data) for fac_us
    sys.o(i.NVIC_Configuration) refers to misc.o(i.NVIC_PriorityGroupConfig) for NVIC_PriorityGroupConfig
    usart.o(i.USART1_IRQHandler) refers (Special) to use_no_semi_2.o(.text) for __use_no_semihosting
    usart.o(i.USART1_IRQHandler) refers to stm32f10x_usart.o(i.USART_GetITStatus) for USART_GetITStatus
    usart.o(i.USART1_IRQHandler) refers to stm32f10x_usart.o(i.USART_ReceiveData) for USART_ReceiveData
    usart.o(i.USART1_IRQHandler) refers to usart.o(.data) for USART_RX_STA
    usart.o(i.USART1_IRQHandler) refers to usart.o(.bss) for USART_RX_BUF
    usart.o(i._sys_exit) refers (Special) to use_no_semi_2.o(.text) for __use_no_semihosting
    usart.o(i.fputc) refers (Special) to use_no_semi_2.o(.text) for __use_no_semihosting
    usart.o(i.uart_init) refers (Special) to use_no_semi_2.o(.text) for __use_no_semihosting
    usart.o(i.uart_init) refers to stm32f10x_rcc.o(i.RCC_APB2PeriphClockCmd) for RCC_APB2PeriphClockCmd
    usart.o(i.uart_init) refers to stm32f10x_gpio.o(i.GPIO_Init) for GPIO_Init
    usart.o(i.uart_init) refers to misc.o(i.NVIC_Init) for NVIC_Init
    usart.o(i.uart_init) refers to stm32f10x_usart.o(i.USART_Init) for USART_Init
    usart.o(i.uart_init) refers to stm32f10x_usart.o(i.USART_ITConfig) for USART_ITConfig
    usart.o(i.uart_init) refers to stm32f10x_usart.o(i.USART_Cmd) for USART_Cmd
    usart.o(.bss) refers (Special) to use_no_semi_2.o(.text) for __use_no_semihosting
    usart.o(.data) refers (Special) to use_no_semi_2.o(.text) for __use_no_semihosting
    startup_stm32f10x_md.o(STACK) refers (Special) to heapauxi.o(.text) for __use_two_region_memory
    startup_stm32f10x_md.o(HEAP) refers (Special) to heapauxi.o(.text) for __use_two_region_memory
    startup_stm32f10x_md.o(RESET) refers (Special) to heapauxi.o(.text) for __use_two_region_memory
    startup_stm32f10x_md.o(RESET) refers to startup_stm32f10x_md.o(STACK) for __initial_sp
    startup_stm32f10x_md.o(RESET) refers to startup_stm32f10x_md.o(.text) for Reset_Handler
    startup_stm32f10x_md.o(RESET) refers to stm32f10x_it.o(i.NMI_Handler) for NMI_Handler
    startup_stm32f10x_md.o(RESET) refers to stm32f10x_it.o(i.HardFault_Handler) for HardFault_Handler
    startup_stm32f10x_md.o(RESET) refers to stm32f10x_it.o(i.MemManage_Handler) for MemManage_Handler
    startup_stm32f10x_md.o(RESET) refers to stm32f10x_it.o(i.BusFault_Handler) for BusFault_Handler
    startup_stm32f10x_md.o(RESET) refers to stm32f10x_it.o(i.UsageFault_Handler) for UsageFault_Handler
    startup_stm32f10x_md.o(RESET) refers to stm32f10x_it.o(i.SVC_Handler) for SVC_Handler
    startup_stm32f10x_md.o(RESET) refers to stm32f10x_it.o(i.DebugMon_Handler) for DebugMon_Handler
    startup_stm32f10x_md.o(RESET) refers to stm32f10x_it.o(i.PendSV_Handler) for PendSV_Handler
    startup_stm32f10x_md.o(RESET) refers to stm32f10x_it.o(i.SysTick_Handler) for SysTick_Handler
    startup_stm32f10x_md.o(RESET) refers to usart2.o(i.TIM2_IRQHandler) for TIM2_IRQHandler
    startup_stm32f10x_md.o(RESET) refers to usart3.o(i.TIM3_IRQHandler) for TIM3_IRQHandler
    startup_stm32f10x_md.o(RESET) refers to usart.o(i.USART1_IRQHandler) for USART1_IRQHandler
    startup_stm32f10x_md.o(RESET) refers to usart2.o(i.USART2_IRQHandler) for USART2_IRQHandler
[...]
    .ARM.Collect$$rtexit$$00000003           0x080001a8   Section        4  rtexit2.o(.ARM.Collect$$rtexit$$00000003)
    .ARM.Collect$$rtexit$$00000004           0x080001ac   Section        6  rtexit2.o(.ARM.Collect$$rtexit$$00000004)
    .text                                    0x080001b4   Section       64  startup_stm32f10x_md.o(.text)
    .text                                    0x080001f4   Section        2  use_no_semi_2.o(.text)
    .text                                    0x080001f8   Section        0  noretval__2printf.o(.text)
    .text                                    0x08000210   Section        0  noretval__2sprintf.o(.text)
    .text                                    0x08000238   Section        0  _printf_str.o(.text)
    .text                                    0x0800028a   Section        0  __printf_wp.o(.text)
    .text                                    0x08000398   Section        0  strstr.o(.text)
    .text                                    0x080003bc   Section        0  strlen.o(.text)
    .text                                    0x080003fa   Section        0  strcat.o(.text)
    .text                                    0x08000414   Section      128  strcmpv7m.o(.text)
    .text                                    0x08000494   Section        0  heapauxi.o(.text)
    .text                                    0x0800049a   Section        2  use_no_semi.o(.text)
    .text                                    0x0800049c   Section        0  _rserrno.o(.text)
    .text                                    0x080004b2   Section        0  _printf_fp_dec.o(.text)
    _fp_digits                               0x080004b5   Thumb Code   432  _printf_fp_dec.o(.text)
    .text                                    0x080008d0   Section        0  _printf_char_common.o(.text)
    _printf_input_char                       0x080008d1   Thumb Code    10  _printf_char_common.o(.text)
    .text                                    0x08000900   Section        0  _sputc.o(.text)
    .text                                    0x0800090a   Section        0  _printf_char.o(.text)
    .text                                    0x08000938   Section        0  _printf_char_file.o(.text)
    .text                                    0x0800095c   Section        0  strtod.o(.text)
    _local_sscanf                            0x0800095d   Thumb Code    60  strtod.o(.text)
    .text                                    0x08000a00   Section        8  rt_locale_intlibspace.o(.text)
    .text                                    0x08000a08   Section        8  rt_errno_addr_intlibspace.o(.text)
    .text                                    0x08000a10   Section      138  lludiv10.o(.text)
    .text                                    0x08000a9a   Section        0  isspace.o(.text)
    .text                                    0x08000aac   Section        0  _printf_fp_infnan.o(.text)
    .text                                    0x08000b2c   Section        0  _sgetc.o(.text)
    .text                                    0x08000b6c   Section        0  bigflt0.o(.text)
    .text                                    0x08000c50   Section        0  ferror.o(.text)
    .text                                    0x08000c58   Section        8  libspace.o(.text)
    .text                                    0x08000c60   Section       74  sys_stackheap_outer.o(.text)
    .text                                    0x08000cac   Section       16  rt_ctype_table.o(.text)
    .text                                    0x08000cbc   Section        0  scanf_fp.o(.text)
    _fp_value                                0x08000cbd   Thumb Code   588  scanf_fp.o(.text)
    .text                                    0x080011b4   Section        0  exit.o(.text)
    .text                                    0x080011c8   Section        0  scanf_hexfp.o(.text)
    .text                                    0x080014e8   Section        0  scanf_infnan.o(.text)
    .text                                    0x0800161c   Section       38  llshl.o(.text)
    .text                                    0x08001642   Section        0  _chval.o(.text)
    CL$$btod_d2e                             0x0800165e   Section       62  btod.o(CL$$btod_d2e)
    CL$$btod_d2e_denorm_low                  0x0800169c   Section       70  btod.o(CL$$btod_d2e_denorm_low)
    CL$$btod_d2e_norm_op1                    0x080016e2   Section       96  btod.o(CL$$btod_d2e_norm_op1)
    CL$$btod_div_common                      0x08001742   Section      824  btod.o(CL$$btod_div_common)
    CL$$btod_e2d                             0x08001a7c   Section      132  btod.o(CL$$btod_e2d)
    CL$$btod_e2e                             0x08001b00   Section      220  btod.o(CL$$btod_e2e)
    CL$$btod_ediv                            0x08001bdc   Section       42  btod.o(CL$$btod_ediv)
    CL$$btod_edivd                           0x08001c06   Section       42  btod.o(CL$$btod_edivd)
    CL$$btod_emul                            0x08001c30   Section       42  btod.o(CL$$btod_emul)
    CL$$btod_emuld                           0x08001c5a   Section       42  btod.o(CL$$btod_emuld)
    CL$$btod_mult_common                     0x08001c84   Section      580  btod.o(CL$$btod_mult_common)
    i.BusFault_Handler                       0x08001ec8   Section        0  stm32f10x_it.o(i.BusFault_Handler)
    i.DebugMon_Handler                       0x08001ecc   Section        0  stm32f10x_it.o(i.DebugMon_Handler)
    i.FindStr                                0x08001ece   Section        0  gsm.o(i.FindStr)
    i.GPIO_Init                              0x08001f2a   Section        0  stm32f10x_gpio.o(i.GPIO_Init)
    i.GPS_Analysis                           0x08002040   Section        0  gps.o(i.GPS_Analysis)
    i.GPS_Init                               0x08002060   Section        0  gsm.o(i.GPS_Init)
    i.GPS_ON                                 0x080020a0   Section        0  gsm.o(i.GPS_ON)
    i.Gps_Get_Send_Data                      0x080020cc   Section        0  gps.o(i.Gps_Get_Send_Data)
    i.HardFault_Handler                      0x0800232c   Section        0  stm32f10x_it.o(i.HardFault_Handler)
    i.HttpGet                                0x08002330   Section        0  gsm.o(i.HttpGet)
    i.Init                                   0x0800242c   Section        0  gsm.o(i.Init)
    i.LED_Init                               0x080024c8   Section        0  led.o(i.LED_Init)
    i.MemManage_Handler                      0x080024f4   Section        0  stm32f10x_it.o(i.MemManage_Handler)
    i.NMEA_Comma_Pos                         0x080024f8   Section        0  gps.o(i.NMEA_Comma_Pos)
    i.NMEA_GPGSA_Analysis                    0x0800252c   Section        0  gps.o(i.NMEA_GPGSA_Analysis)
    i.NMEA_GPRMC_Analysis                    0x080025e4   Section        0  gps.o(i.NMEA_GPRMC_Analysis)
    i.NMEA_GPVTG_Analysis                    0x08002764   Section        0  gps.o(i.NMEA_GPVTG_Analysis)
    i.NMEA_Pow                               0x080027f0   Section        0  gps.o(i.NMEA_Pow)
    i.NMEA_Str2num                           0x08002806   Section        0  gps.o(i.NMEA_Str2num)
    i.NMI_Handler                            0x080028f0   Section        0  stm32f10x_it.o(i.NMI_Handler)
    i.NVIC_Init                              0x080028f4   Section        0  misc.o(i.NVIC_Init)
    i.NVIC_PriorityGroupConfig               0x08002964   Section        0  misc.o(i.NVIC_PriorityGroupConfig)
    i.PendSV_Handler                         0x08002978   Section        0  stm32f10x_it.o(i.PendSV_Handler)
    i.RCC_APB1PeriphClockCmd                 0x0800297c   Section        0  stm32f10x_rcc.o(i.RCC_APB1PeriphClockCmd)
    i.RCC_APB1PeriphResetCmd                 0x0800299c   Section        0  stm32f10x_rcc.o(i.RCC_APB1PeriphResetCmd)
    i.RCC_APB2PeriphClockCmd                 0x080029bc   Section        0  stm32f10x_rcc.o(i.RCC_APB2PeriphClockCmd)
    i.RCC_APB2PeriphResetCmd                 0x080029dc   Section        0  stm32f10x_rcc.o(i.RCC_APB2PeriphResetCmd)
    i.RCC_GetClocksFreq                      0x080029fc   Section        0  stm32f10x_rcc.o(i.RCC_GetClocksFreq)
    i.SIM_Connect                            0x08002ad0   Section        0  gsm.o(i.SIM_Connect)
    i.SVC_Handler                            0x08002ca0   Section        0  stm32f10x_it.o(i.SVC_Handler)
    i.SendAT                                 0x08002ca4   Section        0  usart2.o(i.SendAT)
    i.SetSysClock                            0x08002cec   Section        0  system_stm32f10x.o(i.SetSysClock)
    SetSysClock                              0x08002ced   Thumb Code     8  system_stm32f10x.o(i.SetSysClock)
    i.SetSysClockTo72                        0x08002cf4   Section        0  system_stm32f10x.o(i.SetSysClockTo72)
    SetSysClockTo72                          0x08002cf5   Thumb Code   214  system_stm32f10x.o(i.SetSysClockTo72)
    i.SysTick_CLKSourceConfig                0x08002dd4   Section        0  misc.o(i.SysTick_CLKSourceConfig)
    i.SysTick_Handler                        0x08002dfc   Section        0  stm32f10x_it.o(i.SysTick_Handler)
    i.SystemInit                             0x08002e00   Section        0  system_stm32f10x.o(i.SystemInit)
    i.TIM2_IRQHandler                        0x08002e60   Section        0  usart2.o(i.TIM2_IRQHandler)
    i.TIM2_Init                              0x08002e8c   Section        0  usart2.o(i.TIM2_Init)
    i.TIM2_Set                               0x08002ee0   Section        0  usart2.o(i.TIM2_Set)
    i.TIM3_IRQHandler                        0x08002f08   Section        0  usart3.o(i.TIM3_IRQHandler)
    i.TIM3_Init                              0x08002f38   Section        0  usart3.o(i.TIM3_Init)
    i.TIM3_Set                               0x08002f90   Section        0  usart3.o(i.TIM3_Set)
    i.TIM_ClearITPendingBit                  0x08002fb8   Section        0  stm32f10x_tim.o(i.TIM_ClearITPendingBit)
    i.TIM_Cmd                                0x08002fbe   Section        0  stm32f10x_tim.o(i.TIM_Cmd)
    i.TIM_GetITStatus                        0x08002fd6   Section        0  stm32f10x_tim.o(i.TIM_GetITStatus)
    i.TIM_ITConfig                           0x08002ff8   Section        0  stm32f10x_tim.o(i.TIM_ITConfig)
    i.TIM_SetCounter                         0x0800300a   Section        0  stm32f10x_tim.o(i.TIM_SetCounter)
    i.TIM_TimeBaseInit                       0x08003010   Section        0  stm32f10x_tim.o(i.TIM_TimeBaseInit)
    i.USART1_IRQHandler                      0x080030b4   Section        0  usart.o(i.USART1_IRQHandler)
    i.USART2_IRQHandler                      0x0800313c   Section        0  usart2.o(i.USART2_IRQHandler)
    i.USART2_Init                            0x080031a0   Section        0  usart2.o(i.USART2_Init)
    i.USART2_SendByte                        0x08003260   Section        0  usart2.o(i.USART2_SendByte)
    i.USART2_Write                           0x0800328c   Section        0  usart2.o(i.USART2_Write)
    i.USART3_IRQHandler                      0x080032a8   Section        0  usart3.o(i.USART3_IRQHandler)
    i.USART3_Init                            0x08003310   Section        0  usart3.o(i.USART3_Init)
    i.USART_Cmd                              0x080033d4   Section        0  stm32f10x_usart.o(i.USART_Cmd)
    i.USART_DeInit                           0x080033ec   Section        0  stm32f10x_usart.o(i.USART_DeInit)
    i.USART_GetITStatus                      0x08003488   Section        0  stm32f10x_usart.o(i.USART_GetITStatus)
    i.USART_ITConfig                         0x080034dc   Section        0  stm32f10x_usart.o(i.USART_ITConfig)
    i.USART_Init                             0x08003528   Section        0  stm32f10x_usart.o(i.USART_Init)
    i.USART_ReceiveData                      0x08003600   Section        0  stm32f10x_usart.o(i.USART_ReceiveData)
    i.UsageFault_Handler                     0x0800360a   Section        0  stm32f10x_it.o(i.UsageFault_Handler)
    i.WaitForStr                             0x08003610   Section        0  gsm.o(i.WaitForStr)
    i.__ARM_fpclassify                       0x0800368c   Section        0  fpclassify.o(i.__ARM_fpclassify)
    i.__mathlib_dbl_overflow                 0x080036b4   Section        0  dunder.o(i.__mathlib_dbl_overflow)
    i.__mathlib_dbl_underflow                0x080036c4   Section        0  dunder.o(i.__mathlib_dbl_underflow)
    i.__mathlib_narrow                       0x080036d4   Section        0  narrow.o(i.__mathlib_narrow)
    i.__mathlib_tofloat                      0x080036e4   Section        0  narrow.o(i.__mathlib_tofloat)
    i.__support_ldexp                        0x080037a0   Section        0  ldexp.o(i.__support_ldexp)
    i._is_digit                              0x080037b6   Section        0  __printf_wp.o(i._is_digit)
    i._sys_exit                              0x080037c4   Section        0  usart.o(i._sys_exit)
    i.atof                                   0x080037ca   Section        0  atof.o(i.atof)
    i.delay_init                             0x080037f4   Section        0  delay.o(i.delay_init)
    i.delay_ms                               0x08003838   Section        0  delay.o(i.delay_ms)
    i.delay_s                                0x08003884   Section        0  delay.o(i.delay_s)
    i.fputc                                  0x0800389c   Section        0  usart.o(i.fputc)
    i.frexp                                  0x080038b8   Section        0  frexp.o(i.frexp)
    i.ldexp                                  0x08003910   Section        0  ldexp.o(i.ldexp)
    i.main                                   0x08003984   Section        0  main.o(i.main)
    i.uart_init                              0x08003a1c   Section        0  usart.o(i.uart_init)
    locale$$code                             0x08003abc   Section       44  lc_numeric_c.o(locale$$code)
    locale$$code                             0x08003ae8   Section       44  lc_ctype_c.o(locale$$code)
    x$fpl$d2f                                0x08003b14   Section       98  d2f.o(x$fpl$d2f)
    x$fpl$dcheck1                            0x08003b78   Section       16  dcheck1.o(x$fpl$dcheck1)
    x$fpl$dcmpinf                            0x08003b88   Section       24  dcmpi.o(x$fpl$dcmpinf)
    x$fpl$deqf                               0x08003ba0   Section      120  deqf.o(x$fpl$deqf)
    x$fpl$dleqf                              0x08003c18   Section      120  dleqf.o(x$fpl$dleqf)
    x$fpl$dnaninf                            0x08003c90   Section      156  dnaninf.o(x$fpl$dnaninf)
    x$fpl$dretinf                            0x08003d2c   Section       12  dretinf.o(x$fpl$dretinf)
    x$fpl$drleqf                             0x08003d38   Section      108  drleqf.o(x$fpl$drleqf)
    x$fpl$f2d                                0x08003da4   Section       86  f2d.o(x$fpl$f2d)
    x$fpl$fadd                               0x08003dfc   Section      196  faddsub_clz.o(x$fpl$fadd)
    _fadd1                                   0x08003e0b   Thumb Code     0  faddsub_clz.o(x$fpl$fadd)
    x$fpl$fcmpinf                            0x08003ec0   Section       24  fcmpi.o(x$fpl$fcmpinf)
    x$fpl$fdiv                               0x08003ed8   Section      388  fdiv.o(x$fpl$fdiv)
    _fdiv1                                   0x08003ed9   Thumb Code     0  fdiv.o(x$fpl$fdiv)
    x$fpl$fflt                               0x0800405c   Section       48  fflt_clz.o(x$fpl$fflt)
    x$fpl$ffltu                              0x0800408c   Section       38  fflt_clz.o(x$fpl$ffltu)
    x$fpl$fleqf                              0x080040b4   Section      104  fleqf.o(x$fpl$fleqf)
    x$fpl$fmul                               0x0800411c   Section      258  fmul.o(x$fpl$fmul)
    x$fpl$fnaninf                            0x0800421e   Section      140  fnaninf.o(x$fpl$fnaninf)
    x$fpl$fretinf                            0x080042aa   Section       10  fretinf.o(x$fpl$fretinf)
    x$fpl$frleqf                             0x080042b4   Section       98  frleqf.o(x$fpl$frleqf)
    x$fpl$fsub                               0x08004318   Section      234  faddsub_clz.o(x$fpl$fsub)
    _fsub1                                   0x08004327   Thumb Code     0  faddsub_clz.o(x$fpl$fsub)
    x$fpl$ieeestatus                         0x08004402   Section        6  istatus.o(x$fpl$ieeestatus)
    x$fpl$printf1                            0x08004408   Section        4  printf1.o(x$fpl$printf1)
    x$fpl$retnan                             0x0800440c   Section      100  retnan.o(x$fpl$retnan)
    x$fpl$scalbn                             0x08004470   Section       92  scalbn.o(x$fpl$scalbn)
    x$fpl$scanf1                             0x080044cc   Section        4  scanf1.o(x$fpl$scanf1)
    x$fpl$scanf2                             0x080044d0   Section        8  scanf2.o(x$fpl$scanf2)
    x$fpl$trapveneer                         0x080044d8   Section       48  trapv.o(x$fpl$trapveneer)
    .constdata                               0x08004508   Section      148  bigflt0.o(.constdata)
    x$fpl$usenofp                            0x08004508   Section        0  usenofp.o(x$fpl$usenofp)
    tenpwrs_x                                0x08004508   Data          60  bigflt0.o(.constdata)
    tenpwrs_i                                0x08004544   Data          64  bigflt0.o(.constdata)
    .conststring                             0x0800459c   Section       21  gps.o(.conststring)
    c$$dinf                                  0x080045d4   Section        8  fpconst.o(c$$dinf)
    c$$dmax                                  0x080045dc   Section        8  fpconst.o(c$$dmax)
    locale$$data                             0x080045e4   Section       28  lc_numeric_c.o(locale$$data)
    __lcnum_c_name                           0x080045e8   Data           2  lc_numeric_c.o(locale$$data)
    __lcnum_c_start                          0x080045f0   Data           0  lc_numeric_c.o(locale$$data)
    __lcnum_c_point                          0x080045fc   Data           0  lc_numeric_c.o(locale$$data)
    __lcnum_c_thousands                      0x080045fe   Data           0  lc_numeric_c.o(locale$$data)
    __lcnum_c_grouping                       0x080045ff   Data           0  lc_numeric_c.o(locale$$data)
    locale$$data                             0x08004600   Section      272  lc_ctype_c.o(locale$$data)
    __lcnum_c_end                            0x08004600   Data           0  lc_numeric_c.o(locale$$data)
    __lcctype_c_name                         0x08004604   Data           2  lc_ctype_c.o(locale$$data)
    __lcctype_c_start                        0x0800460c   Data           0  lc_ctype_c.o(locale$$data)
    __lcctype_c_end                          0x08004710   Data           0  lc_ctype_c.o(locale$$data)
    .data                                    0x20000000   Section       20  system_stm32f10x.o(.data)
    .data                                    0x20000014   Section        4  delay.o(.data)
    fac_us                                   0x20000014   Data           1  delay.o(.data)
    fac_ms                                   0x20000016   Data           2  delay.o(.data)
    .data                                    0x20000018   Section        6  usart.o(.data)
    .data                                    0x2000001e   Section       20  stm32f10x_rcc.o(.data)
    APBAHBPrescTable                         0x2000001e   Data          16  stm32f10x_rcc.o(.data)
    ADCPrescTable                            0x2000002e   Data           4  stm32f10x_rcc.o(.data)
    .data                                    0x20000034   Section       32  gps.o(.data)
    .data                                    0x20000054   Section        3  gsm.o(.data)
    check                                    0x20000056   Data           1  gsm.o(.data)
    .data                                    0x20000058   Section        2  usart3.o(.data)
    .data                                    0x2000005a   Section        2  usart2.o(.data)
    .bss                                     0x2000005c   Section      111  main.o(.bss)
    .bss                                     0x200000cb   Section      200  usart.o(.bss)
    .bss                                     0x20000194   Section      288  gps.o(.bss)
    .bss                                     0x200002b8   Section     2000  usart3.o(.bss)
    .bss                                     0x20000a88   Section      400  usart2.o(.bss)
    .bss                                     0x20000c18   Section       96  libspace.o(.bss)
    HEAP                                     0x20000c78   Section      512  startup_stm32f10x_md.o(HEAP)
    Heap_Mem                                 0x20000c78   Data         512  startup_stm32f10x_md.o(HEAP)
    STACK                                    0x20000e78   Section     1024  startup_stm32f10x_md.o(STACK)
    Stack_Mem                                0x20000e78   Data        1024  startup_stm32f10x_md.o(STACK)
    __initial_sp                             0x20001278   Data           0  startup_stm32f10x_md.o(STACK)

    Global Symbols

    Symbol Name                              Value     Ov Type        Size  Object(Section)

    BuildAttributes$$THM_ISAv4$P$D$K$B$S$PE$A:L22UL41UL21$X:L11$S22US41US21$IEEE1$IW$USESV6$~STKCKD$USESV7$~SHL$OTIME$ROPI$IEEEX$EBA8$UX$STANDARDLIB$REQ8$PRES8$EABIv2 0x00000000   Number         0  anon$$obj.o ABSOLUTE
    __ARM_use_no_argv                        0x00000000   Number         0  main.o ABSOLUTE
    _printf_flags                            0x00000000   Number         0  printf_stubs.o ABSOLUTE
    _printf_return_value                     0x00000000   Number         0  printf_stubs.o ABSOLUTE
    _printf_sizespec                         0x00000000   Number         0  printf_stubs.o ABSOLUTE
    _printf_widthprec                        0x00000000   Number         0  printf_stubs.o ABSOLUTE
    __ARM_exceptions_init                     - Undefined Weak Reference
    __alloca_initialize                       - Undefined Weak Reference
    __arm_preinit_                            - Undefined Weak Reference
    __cpp_initialize__aeabi_                  - Undefined Weak Reference
    __cxa_finalize                            - Undefined Weak Reference
    __sigvec_lookup                           - Undefined Weak Reference
    _atexit_init                              - Undefined Weak Reference
    _call_atexit_fns                          - Undefined Weak Reference
    _clock_init                               - Undefined Weak Reference
    _fp_trap_init                             - Undefined Weak Reference
    _fp_trap_shutdown                         - Undefined Weak Reference
    _get_lc_collate                           - Undefined Weak Reference
    _get_lc_monetary                          - Undefined Weak Reference
    _get_lc_time                              - Undefined Weak Reference
    _getenv_init                              - Undefined Weak Reference
    _handle_redirection                       - Undefined Weak Reference
    _init_alloc                               - Undefined Weak Reference
    _init_user_alloc                          - Undefined Weak Reference
    _initio                                   - Undefined Weak Reference
    _mutex_acquire                            - Undefined Weak Reference
    _mutex_release                            - Undefined Weak Reference
    _printf_mbtowc                            - Undefined Weak Reference
    _printf_post_padding                      - Undefined Weak Reference
    _printf_pre_padding                       - Undefined Weak Reference
    _rand_init                                - Undefined Weak Reference
    _signal_finish                            - Undefined Weak Reference
    _signal_init                              - Undefined Weak Reference
    _terminate_alloc                          - Undefined Weak Reference
    _terminate_user_alloc                     - Undefined Weak Reference
    _terminateio                              - Undefined Weak Reference
    __Vectors_Size                           0x000000ec   Number         0  startup_stm32f10x_md.o ABSOLUTE
    __Vectors                                0x08000000   Data           4  startup_stm32f10x_md.o(RESET)
    __Vectors_End                            0x080000ec   Data           0  startup_stm32f10x_md.o(RESET)
    __main                                   0x080000ed   Thumb Code     8  __main.o(!!!main)
    __scatterload                            0x080000f5   Thumb Code     0  __scatter.o(!!!scatter)
    __scatterload_rt2                        0x080000f5   Thumb Code    44  __scatter.o(!!!scatter)
    __scatterload_rt2_thumb_only             0x080000f5   Thumb Code     0  __scatter.o(!!!scatter)
    __scatterload_null                       0x08000103   Thumb Code     0  __scatter.o(!!!scatter)
    __scatterload_copy                       0x08000129   Thumb Code    26  __scatter_copy.o(!!handler_copy)
    __scatterload_zeroinit                   0x08000145   Thumb Code    28  __scatter_zi.o(!!handler_zi)
    _printf_f                                0x08000161   Thumb Code     0  _printf_f.o(.ARM.Collect$$_printf_percent$$00000003)
    _printf_percent                          0x08000161   Thumb Code     0  _printf_percent.o(.ARM.Collect$$_printf_percent$$00000000)
    _printf_s                                0x08000167   Thumb Code     0  _printf_s.o(.ARM.Collect$$_printf_percent$$00000014)
    _printf_percent_end                      0x0800016d   Thumb Code     0  _printf_percent_end.o(.ARM.Collect$$_printf_percent$$00000017)
    __rt_lib_init                            0x08000171   Thumb Code     0  libinit.o(.ARM.Collect$$libinit$$00000000)
    __rt_lib_init_fp_1                       0x08000173   Thumb Code     0  libinit2.o(.ARM.Collect$$libinit$$00000002)
    __rt_lib_init_heap_1                     0x08000173   Thumb Code     0  libinit2.o(.ARM.Collect$$libinit$$0000000A)
    __rt_lib_init_lc_common                  0x08000173   Thumb Code     0  libinit2.o(.ARM.Collect$$libinit$$0000000F)
    __rt_lib_init_preinit_1                  0x08000173   Thumb Code     0  libinit2.o(.ARM.Collect$$libinit$$00000004)
    __rt_lib_init_rand_1                     0x08000173   Thumb Code     0  libinit2.o(.ARM.Collect$$libinit$$0000000E)
    __rt_lib_init_user_alloc_1               0x08000173   Thumb Code     0  libinit2.o(.ARM.Collect$$libinit$$0000000C)
    __rt_lib_init_lc_collate_1               0x08000179   Thumb Code     0  libinit2.o(.ARM.Collect$$libinit$$00000011)
    __rt_lib_init_lc_ctype_2                 0x08000179   Thumb Code     0  libinit2.o(.ARM.Collect$$libinit$$00000012)
    __rt_lib_init_lc_ctype_1                 0x08000185   Thumb Code     0  libinit2.o(.ARM.Collect$$libinit$$00000013)
    __rt_lib_init_lc_monetary_1              0x08000185   Thumb Code     0  libinit2.o(.ARM.Collect$$libinit$$00000015)
    __rt_lib_init_lc_numeric_2               0x08000185   Thumb Code     0  libinit2.o(.ARM.Collect$$libinit$$00000016)
    __rt_lib_init_alloca_1                   0x0800018f   Thumb Code     0  libinit2.o(.ARM.Collect$$libinit$$0000002E)
    __rt_lib_init_argv_1                     0x0800018f   Thumb Code     0  libinit2.o(.ARM.Collect$$libinit$$0000002C)
    __rt_lib_init_atexit_1                   0x0800018f   Thumb Code     0  libinit2.o(.ARM.Collect$$libinit$$0000001B)
    __rt_lib_init_clock_1                    0x0800018f   Thumb Code     0  libinit2.o(.ARM.Collect$$libinit$$00000021)
    __rt_lib_init_cpp_1                      0x0800018f   Thumb Code     0  libinit2.o(.ARM.Collect$$libinit$$00000032)
    __rt_lib_init_exceptions_1               0x0800018f   Thumb Code     0  libinit2.o(.ARM.Collect$$libinit$$00000030)
    __rt_lib_init_fp_trap_1                  0x0800018f   Thumb Code     0  libinit2.o(.ARM.Collect$$libinit$$0000001F)
    __rt_lib_init_getenv_1                   0x0800018f   Thumb Code     0  libinit2.o(.ARM.Collect$$libinit$$00000023)
    __rt_lib_init_lc_numeric_1               0x0800018f   Thumb Code     0  libinit2.o(.ARM.Collect$$libinit$$00000017)
    __rt_lib_init_lc_time_1                  0x0800018f   Thumb Code     0  libinit2.o(.ARM.Collect$$libinit$$00000019)
    __rt_lib_init_return                     0x0800018f   Thumb Code     0  libinit2.o(.ARM.Collect$$libinit$$00000033)
    __rt_lib_init_signal_1                   0x0800018f   Thumb Code     0  libinit2.o(.ARM.Collect$$libinit$$0000001D)
    __rt_lib_init_stdio_1                    0x0800018f   Thumb Code     0  libinit2.o(.ARM.Collect$$libinit$$00000025)
    __rt_lib_shutdown                        0x08000191   Thumb Code     0  libshutdown.o(.ARM.Collect$$libshutdown$$00000000)
    __rt_lib_shutdown_cpp_1                  0x08000193   Thumb Code     0  libshutdown2.o(.ARM.Collect$$libshutdown$$00000002)
    __rt_lib_shutdown_fp_trap_1              0x08000193   Thumb Code     0  libshutdown2.o(.ARM.Collect$$libshutdown$$00000007)
    __rt_lib_shutdown_heap_1                 0x08000193   Thumb Code     0  libshutdown2.o(.ARM.Collect$$libshutdown$$0000000F)
    __rt_lib_shutdown_return                 0x08000193   Thumb Code     0  libshutdown2.o(.ARM.Collect$$libshutdown$$00000010)
    __rt_lib_shutdown_signal_1               0x08000193   Thumb Code     0  libshutdown2.o(.ARM.Collect$$libshutdown$$0000000A)
    __rt_lib_shutdown_stdio_1                0x08000193   Thumb Code     0  libshutdown2.o(.ARM.Collect$$libshutdown$$00000004)
    __rt_lib_shutdown_user_alloc_1           0x08000193   Thumb Code     0  libshutdown2.o(.ARM.Collect$$libshutdown$$0000000C)
    __rt_entry                               0x08000195   Thumb Code     0  __rtentry.o(.ARM.Collect$$rtentry$$00000000)
    __rt_entry_presh_1                       0x08000195   Thumb Code     0  __rtentry2.o(.ARM.Collect$$rtentry$$00000002)
    __rt_entry_sh                            0x08000195   Thumb Code     0  __rtentry4.o(.ARM.Collect$$rtentry$$00000004)
    __rt_entry_li                            0x0800019b   Thumb Code     0  __rtentry2.o(.ARM.Collect$$rtentry$$0000000A)
    __rt_entry_postsh_1                      0x0800019b   Thumb Code     0  __rtentry2.o(.ARM.Collect$$rtentry$$00000009)
    __rt_entry_main                          0x0800019f   Thumb Code     0  __rtentry2.o(.ARM.Collect$$rtentry$$0000000D)
    __rt_entry_postli_1                      0x0800019f   Thumb Code     0  __rtentry2.o(.ARM.Collect$$rtentry$$0000000C)
    __rt_exit                                0x080001a7   Thumb Code     0  rtexit.o(.ARM.Collect$$rtexit$$00000000)
    __rt_exit_ls                             0x080001a9   Thumb Code     0  rtexit2.o(.ARM.Collect$$rtexit$$00000003)
    __rt_exit_prels_1                        0x080001a9   Thumb Code     0  rtexit2.o(.ARM.Collect$$rtexit$$00000002)
    __rt_exit_exit                           0x080001ad   Thumb Code     0  rtexit2.o(.ARM.Collect$$rtexit$$00000004)
    Reset_Handler                            0x080001b5   Thumb Code     8  startup_stm32f10x_md.o(.text)
    ADC1_2_IRQHandler                        0x080001cf   Thumb Code     0  startup_stm32f10x_md.o(.text)
    CAN1_RX1_IRQHandler                      0x080001cf   Thumb Code     0  startup_stm32f10x_md.o(.text)
    CAN1_SCE_IRQHandler                      0x080001cf   Thumb Code     0  startup_stm32f10x_md.o(.text)
    DMA1_Channel1_IRQHandler                 0x080001cf   Thumb Code     0  startup_stm32f10x_md.o(.text)
    DMA1_Channel2_IRQHandler                 0x080001cf   Thumb Code     0  startup_stm32f10x_md.o(.text)
    DMA1_Channel3_IRQHandler                 0x080001cf   Thumb Code     0  startup_stm32f10x_md.o(.text)
    DMA1_Channel4_IRQHandler                 0x080001cf   Thumb Code     0  startup_stm32f10x_md.o(.text)
    DMA1_Channel5_IRQHandler                 0x080001cf   Thumb Code     0  startup_stm32f10x_md.o(.text)
    DMA1_Channel6_IRQHandler                 0x080001cf   Thumb Code     0  startup_stm32f10x_md.o(.text)
    DMA1_Channel7_IRQHandler                 0x080001cf   Thumb Code     0  startup_stm32f10x_md.o(.text)
    EXTI0_IRQHandler                         0x080001cf   Thumb Code     0  startup_stm32f10x_md.o(.text)
    EXTI15_10_IRQHandler                     0x080001cf   Thumb Code     0  startup_stm32f10x_md.o(.text)
    EXTI1_IRQHandler                         0x080001cf   Thumb Code     0  startup_stm32f10x_md.o(.text)
    EXTI2_IRQHandler                         0x080001cf   Thumb Code     0  startup_stm32f10x_md.o(.text)
    EXTI3_IRQHandler                         0x080001cf   Thumb Code     0  startup_stm32f10x_md.o(.text)
    EXTI4_IRQHandler                         0x080001cf   Thumb Code     0  startup_stm32f10x_md.o(.text)
    EXTI9_5_IRQHandler                       0x080001cf   Thumb Code     0  startup_stm32f10x_md.o(.text)
    FLASH_IRQHandler                         0x080001cf   Thumb Code     0  startup_stm32f10x_md.o(.text)
    I2C1_ER_IRQHandler                       0x080001cf   Thumb Code     0  startup_stm32f10x_md.o(.text)
    I2C1_EV_IRQHandler                       0x080001cf   Thumb Code     0  startup_stm32f10x_md.o(.text)
    I2C2_ER_IRQHandler                       0x080001cf   Thumb Code     0  startup_stm32f10x_md.o(.text)
    I2C2_EV_IRQHandler                       0x080001cf   Thumb Code     0  startup_stm32f10x_md.o(.text)
    PVD_IRQHandler                           0x080001cf   Thumb Code     0  startup_stm32f10x_md.o(.text)
    RCC_IRQHandler                           0x080001cf   Thumb Code     0  startup_stm32f10x_md.o(.text)
    RTCAlarm_IRQHandler                      0x080001cf   Thumb Code     0  startup_stm32f10x_md.o(.text)
    RTC_IRQHandler                           0x080001cf   Thumb Code     0  startup_stm32f10x_md.o(.text)
    SPI1_IRQHandler                          0x080001cf   Thumb Code     0  startup_stm32f10x_md.o(.text)
    SPI2_IRQHandler                          0x080001cf   Thumb Code     0  startup_stm32f10x_md.o(.text)
    TAMPER_IRQHandler                        0x080001cf   Thumb Code     0  startup_stm32f10x_md.o(.text)
    TIM1_BRK_IRQHandler                      0x080001cf   Thumb Code     0  startup_stm32f10x_md.o(.text)
    TIM1_CC_IRQHandler                       0x080001cf   Thumb Code     0  startup_stm32f10x_md.o(.text)
    TIM1_TRG_COM_IRQHandler                  0x080001cf   Thumb Code     0  startup_stm32f10x_md.o(.text)
    TIM1_UP_IRQHandler                       0x080001cf   Thumb Code     0  startup_stm32f10x_md.o(.text)
    TIM4_IRQHandler                          0x080001cf   Thumb Code     0  startup_stm32f10x_md.o(.text)
    USBWakeUp_IRQHandler                     0x080001cf   Thumb Code     0  startup_stm32f10x_md.o(.text)
    USB_HP_CAN1_TX_IRQHandler                0x080001cf   Thumb Code     0  startup_stm32f10x_md.o(.text)
    USB_LP_CAN1_RX0_IRQHandler               0x080001cf   Thumb Code     0  startup_stm32f10x_md.o(.text)
    WWDG_IRQHandler                          0x080001cf   Thumb Code     0  startup_stm32f10x_md.o(.text)
    __user_initial_stackheap                 0x080001d1   Thumb Code     0  startup_stm32f10x_md.o(.text)
    __use_no_semihosting                     0x080001f5   Thumb Code     2  use_no_semi_2.o(.text)
    __2printf                                0x080001f9   Thumb Code    20  noretval__2printf.o(.text)
    __2sprintf                               0x08000211   Thumb Code    34  noretval__2sprintf.o(.text)
    _printf_str                              0x08000239   Thumb Code    82  _printf_str.o(.text)
    __printf                                 0x0800028b   Thumb Code   270  __printf_wp.o(.text)
    strstr                                   0x08000399   Thumb Code    36  strstr.o(.text)
    strlen                                   0x080003bd   Thumb Code    62  strlen.o(.text)
    strcat                                   0x080003fb   Thumb Code    24  strcat.o(.text)
    strcmp                                   0x08000415   Thumb Code   128  strcmpv7m.o(.text)
    __use_two_region_memory                  0x08000495   Thumb Code     2  heapauxi.o(.text)
    __rt_heap_escrow$2region                 0x08000497   Thumb Code     2  heapauxi.o(.text)
    __rt_heap_expand$2region                 0x08000499   Thumb Code     2  heapauxi.o(.text)
    __I$use$semihosting                      0x0800049b   Thumb Code     0  use_no_semi.o(.text)
    __use_no_semihosting_swi                 0x0800049b   Thumb Code     2  use_no_semi.o(.text)
    __read_errno                             0x0800049d   Thumb Code    10  _rserrno.o(.text)
    __set_errno                              0x080004a7   Thumb Code    12  _rserrno.o(.text)
    __lib_sel_fp_printf                      0x080004b3   Thumb Code     2  _printf_fp_dec.o(.text)
    _printf_fp_dec_real                      0x08000665   Thumb Code   620  _printf_fp_dec.o(.text)
    _printf_char_common                      0x080008db   Thumb Code    32  _printf_char_common.o(.text)
    _sputc                                   0x08000901   Thumb Code    10  _sputc.o(.text)
    _printf_cs_common                        0x0800090b   Thumb Code    20  _printf_char.o(.text)
    _printf_char                             0x0800091f   Thumb Code    16  _printf_char.o(.text)
    _printf_string                           0x0800092f   Thumb Code     8  _printf_char.o(.text)
    _printf_char_file                        0x08000939   Thumb Code    32  _printf_char_file.o(.text)
    __strtod_int                             0x08000999   Thumb Code    90  strtod.o(.text)
    __rt_locale                              0x08000a01   Thumb Code     8  rt_locale_intlibspace.o(.text)
    __aeabi_errno_addr                       0x08000a09   Thumb Code     8  rt_errno_addr_intlibspace.o(.text)
    __errno$intlibspace                      0x08000a09   Thumb Code     0  rt_errno_addr_intlibspace.o(.text)
    __rt_errno_addr$intlibspace              0x08000a09   Thumb Code     0  rt_errno_addr_intlibspace.o(.text)
    _ll_udiv10                               0x08000a11   Thumb Code   138  lludiv10.o(.text)
    isspace                                  0x08000a9b   Thumb Code    18  isspace.o(.text)
    _printf_fp_infnan                        0x08000aad   Thumb Code   112  _printf_fp_infnan.o(.text)
    _sgetc                                   0x08000b2d   Thumb Code    30  _sgetc.o(.text)
    _sbackspace                              0x08000b4b   Thumb Code    34  _sgetc.o(.text)
    _btod_etento                             0x08000b6d   Thumb Code   224  bigflt0.o(.text)
    ferror                                   0x08000c51   Thumb Code     8  ferror.o(.text)
    __user_libspace                          0x08000c59   Thumb Code     8  libspace.o(.text)
    __user_perproc_libspace                  0x08000c59   Thumb Code     0  libspace.o(.text)
    __user_perthread_libspace                0x08000c59   Thumb Code     0  libspace.o(.text)
    __user_setup_stackheap                   0x08000c61   Thumb Code    74  sys_stackheap_outer.o(.text)
    __rt_ctype_table                         0x08000cad   Thumb Code    16  rt_ctype_table.o(.text)
    _scanf_really_real                       0x08000f09   Thumb Code   684  scanf_fp.o(.text)
    exit                                     0x080011b5   Thumb Code    18  exit.o(.text)
    _scanf_really_hex_real                   0x080011c9   Thumb Code   786  scanf_hexfp.o(.text)
    _scanf_really_infnan                     0x080014e9   Thumb Code   292  scanf_infnan.o(.text)
    __aeabi_llsl                             0x0800161d   Thumb Code     0  llshl.o(.text)
    _ll_shift_l                              0x0800161d   Thumb Code    38  llshl.o(.text)
    _chval                                   0x08001643   Thumb Code    28  _chval.o(.text)
    _btod_d2e                                0x0800165f   Thumb Code    62  btod.o(CL$$btod_d2e)
    _d2e_denorm_low                          0x0800169d   Thumb Code    70  btod.o(CL$$btod_d2e_denorm_low)
    _d2e_norm_op1                            0x080016e3   Thumb Code    96  btod.o(CL$$btod_d2e_norm_op1)
    __btod_div_common                        0x08001743   Thumb Code   696  btod.o(CL$$btod_div_common)
    _e2d                                     0x08001a7d   Thumb Code   122  btod.o(CL$$btod_e2d)
    _e2e                                     0x08001b01   Thumb Code   220  btod.o(CL$$btod_e2e)
    _btod_ediv                               0x08001bdd   Thumb Code    42  btod.o(CL$$btod_ediv)
    _btod_edivd                              0x08001c07   Thumb Code    42  btod.o(CL$$btod_edivd)
    _btod_emul                               0x08001c31   Thumb Code    42  btod.o(CL$$btod_emul)
    _btod_emuld                              0x08001c5b   Thumb Code    42  btod.o(CL$$btod_emuld)
    __btod_mult_common                       0x08001c85   Thumb Code   580  btod.o(CL$$btod_mult_common)
    BusFault_Handler                         0x08001ec9   Thumb Code     4  stm32f10x_it.o(i.BusFault_Handler)
    DebugMon_Handler                         0x08001ecd   Thumb Code     2  stm32f10x_it.o(i.DebugMon_Handler)
    FindStr                                  0x08001ecf   Thumb Code    92  gsm.o(i.FindStr)
    GPIO_Init                                0x08001f2b   Thumb Code   278  stm32f10x_gpio.o(i.GPIO_Init)
    GPS_Analysis                             0x08002041   Thumb Code    32  gps.o(i.GPS_Analysis)
    GPS_Init                                 0x08002061   Thumb Code    48  gsm.o(i.GPS_Init)
    GPS_ON                                   0x080020a1   Thumb Code    26  gsm.o(i.GPS_ON)
    Gps_Get_Send_Data                        0x080020cd   Thumb Code   386  gps.o(i.Gps_Get_Send_Data)
    HardFault_Handler                        0x0800232d   Thumb Code     4  stm32f10x_it.o(i.HardFault_Handler)
    HttpGet                                  0x08002331   Thumb Code   124  gsm.o(i.HttpGet)
    Init                                     0x0800242d   Thumb Code    80  gsm.o(i.Init)
    LED_Init                                 0x080024c9   Thumb Code    38  led.o(i.LED_Init)
    MemManage_Handler                        0x080024f5   Thumb Code     4  stm32f10x_it.o(i.MemManage_Handler)
    NMEA_Comma_Pos                           0x080024f9   Thumb Code    50  gps.o(i.NMEA_Comma_Pos)
    NMEA_GPGSA_Analysis                      0x0800252d   Thumb Code   176  gps.o(i.NMEA_GPGSA_Analysis)
    NMEA_GPRMC_Analysis                      0x080025e5   Thumb Code   370  gps.o(i.NMEA_GPRMC_Analysis)
    NMEA_GPVTG_Analysis                      0x08002765   Thumb Code   130  gps.o(i.NMEA_GPVTG_Analysis)
    NMEA_Pow                                 0x080027f1   Thumb Code    22  gps.o(i.NMEA_Pow)
    NMEA_Str2num                             0x08002807   Thumb Code   234  gps.o(i.NMEA_Str2num)
    NMI_Handler                              0x080028f1   Thumb Code     2  stm32f10x_it.o(i.NMI_Handler)
    NVIC_Init                                0x080028f5   Thumb Code   100  misc.o(i.NVIC_Init)
    NVIC_PriorityGroupConfig                 0x08002965   Thumb Code    10  misc.o(i.NVIC_PriorityGroupConfig)
    PendSV_Handler                           0x08002979   Thumb Code     2  stm32f10x_it.o(i.PendSV_Handler)
    RCC_APB1PeriphClockCmd                   0x0800297d   Thumb Code    26  stm32f10x_rcc.o(i.RCC_APB1PeriphClockCmd)
    RCC_APB1PeriphResetCmd                   0x0800299d   Thumb Code    26  stm32f10x_rcc.o(i.RCC_APB1PeriphResetCmd)
    RCC_APB2PeriphClockCmd                   0x080029bd   Thumb Code    26  stm32f10x_rcc.o(i.RCC_APB2PeriphClockCmd)
    RCC_APB2PeriphResetCmd                   0x080029dd   Thumb Code    26  stm32f10x_rcc.o(i.RCC_APB2PeriphResetCmd)
    RCC_GetClocksFreq                        0x080029fd   Thumb Code   192  stm32f10x_rcc.o(i.RCC_GetClocksFreq)
    SIM_Connect                              0x08002ad1   Thumb Code   232  gsm.o(i.SIM_Connect)
    SVC_Handler                              0x08002ca1   Thumb Code     2  stm32f10x_it.o(i.SVC_Handler)
    SendAT                                   0x08002ca5   Thumb Code    66  usart2.o(i.SendAT)
    SysTick_CLKSourceConfig                  0x08002dd5   Thumb Code    40  misc.o(i.SysTick_CLKSourceConfig)
    SysTick_Handler                          0x08002dfd   Thumb Code     2  stm32f10x_it.o(i.SysTick_Handler)
    SystemInit                               0x08002e01   Thumb Code    78  system_stm32f10x.o(i.SystemInit)
    TIM2_IRQHandler                          0x08002e61   Thumb Code    40  usart2.o(i.TIM2_IRQHandler)
    TIM2_Init                                0x08002e8d   Thumb Code    84  usart2.o(i.TIM2_Init)
    TIM2_Set                                 0x08002ee1   Thumb Code    38  usart2.o(i.TIM2_Set)
    TIM3_IRQHandler                          0x08002f09   Thumb Code    40  usart3.o(i.TIM3_IRQHandler)
    TIM3_Init                                0x08002f39   Thumb Code    82  usart3.o(i.TIM3_Init)
    TIM3_Set                                 0x08002f91   Thumb Code    34  usart3.o(i.TIM3_Set)
    TIM_ClearITPendingBit                    0x08002fb9   Thumb Code     6  stm32f10x_tim.o(i.TIM_ClearITPendingBit)
    TIM_Cmd                                  0x08002fbf   Thumb Code    24  stm32f10x_tim.o(i.TIM_Cmd)
    TIM_GetITStatus                          0x08002fd7   Thumb Code    34  stm32f10x_tim.o(i.TIM_GetITStatus)
    TIM_ITConfig                             0x08002ff9   Thumb Code    18  stm32f10x_tim.o(i.TIM_ITConfig)
    TIM_SetCounter                           0x0800300b   Thumb Code     4  stm32f10x_tim.o(i.TIM_SetCounter)
    TIM_TimeBaseInit                         0x08003011   Thumb Code   122  stm32f10x_tim.o(i.TIM_TimeBaseInit)
    USART1_IRQHandler                        0x080030b5   Thumb Code   122  usart.o(i.USART1_IRQHandler)
    USART2_IRQHandler                        0x0800313d   Thumb Code    86  usart2.o(i.USART2_IRQHandler)
    USART2_Init                              0x080031a1   Thumb Code   180  usart2.o(i.USART2_Init)
    USART2_SendByte                          0x08003261   Thumb Code    38  usart2.o(i.USART2_SendByte)
    USART2_Write                             0x0800328d   Thumb Code    26  usart2.o(i.USART2_Write)
    USART3_IRQHandler                        0x080032a9   Thumb Code    86  usart3.o(i.USART3_IRQHandler)
    USART3_Init                              0x08003311   Thumb Code   184  usart3.o(i.USART3_Init)
    USART_Cmd                                0x080033d5   Thumb Code    24  stm32f10x_usart.o(i.USART_Cmd)
    USART_DeInit                             0x080033ed   Thumb Code   134  stm32f10x_usart.o(i.USART_DeInit)
    USART_GetITStatus                        0x08003489   Thumb Code    84  stm32f10x_usart.o(i.USART_GetITStatus)
    USART_ITConfig                           0x080034dd   Thumb Code    74  stm32f10x_usart.o(i.USART_ITConfig)
    USART_Init                               0x08003529   Thumb Code   210  stm32f10x_usart.o(i.USART_Init)
    USART_ReceiveData                        0x08003601   Thumb Code    10  stm32f10x_usart.o(i.USART_ReceiveData)
    UsageFault_Handler                       0x0800360b   Thumb Code     4  stm32f10x_it.o(i.UsageFault_Handler)
    WaitForStr                               0x08003611   Thumb Code   116  gsm.o(i.WaitForStr)
    __ARM_fpclassify                         0x0800368d   Thumb Code    40  fpclassify.o(i.__ARM_fpclassify)
    __mathlib_dbl_overflow                   0x080036b5   Thumb Code    14  dunder.o(i.__mathlib_dbl_overflow)
    __mathlib_dbl_underflow                  0x080036c5   Thumb Code    10  dunder.o(i.__mathlib_dbl_underflow)
    __mathlib_narrow                         0x080036d5   Thumb Code    16  narrow.o(i.__mathlib_narrow)
    __mathlib_tofloat                        0x080036e5   Thumb Code   184  narrow.o(i.__mathlib_tofloat)
    __support_ldexp                          0x080037a1   Thumb Code    22  ldexp.o(i.__support_ldexp)
    _is_digit                                0x080037b7   Thumb Code    14  __printf_wp.o(i._is_digit)
    _sys_exit                                0x080037c5   Thumb Code     6  usart.o(i._sys_exit)
    atof                                     0x080037cb   Thumb Code    42  atof.o(i.atof)
    delay_init                               0x080037f5   Thumb Code    50  delay.o(i.delay_init)
    delay_ms                                 0x08003839   Thumb Code    72  delay.o(i.delay_ms)
    delay_s                                  0x08003885   Thumb Code    24  delay.o(i.delay_s)
    fputc                                    0x0800389d   Thumb Code    24  usart.o(i.fputc)
    frexp                                    0x080038b9   Thumb Code    80  frexp.o(i.frexp)
    ldexp                                    0x08003911   Thumb Code   116  ldexp.o(i.ldexp)
    main                                     0x08003985   Thumb Code   132  main.o(i.main)
    uart_init                                0x08003a1d   Thumb Code   152  usart.o(i.uart_init)
    _get_lc_numeric                          0x08003abd   Thumb Code    44  lc_numeric_c.o(locale$$code)
    _get_lc_ctype                            0x08003ae9   Thumb Code    44  lc_ctype_c.o(locale$$code)
    __aeabi_d2f                              0x08003b15   Thumb Code     0  d2f.o(x$fpl$d2f)
    _d2f                                     0x08003b15   Thumb Code    98  d2f.o(x$fpl$d2f)
    __fpl_dcheck_NaN1                        0x08003b79   Thumb Code    10  dcheck1.o(x$fpl$dcheck1)
    __fpl_dcmp_Inf                           0x08003b89   Thumb Code    24  dcmpi.o(x$fpl$dcmpinf)
    __aeabi_cdcmpeq                          0x08003ba1   Thumb Code     0  deqf.o(x$fpl$deqf)
    _dcmpeq                                  0x08003ba1   Thumb Code   120  deqf.o(x$fpl$deqf)
    __aeabi_cdcmple                          0x08003c19   Thumb Code     0  dleqf.o(x$fpl$dleqf)
    _dcmple                                  0x08003c19   Thumb Code   120  dleqf.o(x$fpl$dleqf)
    __fpl_dcmple_InfNaN                      0x08003c7b   Thumb Code     0  dleqf.o(x$fpl$dleqf)
    __fpl_dnaninf                            0x08003c91   Thumb Code   156  dnaninf.o(x$fpl$dnaninf)
    __fpl_dretinf                            0x08003d2d   Thumb Code    12  dretinf.o(x$fpl$dretinf)
    __aeabi_cdrcmple                         0x08003d39   Thumb Code     0  drleqf.o(x$fpl$drleqf)
    _drcmple                                 0x08003d39   Thumb Code   108  drleqf.o(x$fpl$drleqf)
    __aeabi_f2d                              0x08003da5   Thumb Code     0  f2d.o(x$fpl$f2d)
    _f2d                                     0x08003da5   Thumb Code    86  f2d.o(x$fpl$f2d)
    __aeabi_fadd                             0x08003dfd   Thumb Code     0  faddsub_clz.o(x$fpl$fadd)
    _fadd                                    0x08003dfd   Thumb Code   196  faddsub_clz.o(x$fpl$fadd)
    __fpl_fcmp_Inf                           0x08003ec1   Thumb Code    24  fcmpi.o(x$fpl$fcmpinf)
    __aeabi_fdiv                             0x08003ed9   Thumb Code     0  fdiv.o(x$fpl$fdiv)
    _fdiv                                    0x08003ed9   Thumb Code   384  fdiv.o(x$fpl$fdiv)
    __aeabi_i2f                              0x0800405d   Thumb Code     0  fflt_clz.o(x$fpl$fflt)
    _fflt                                    0x0800405d   Thumb Code    48  fflt_clz.o(x$fpl$fflt)
    __aeabi_ui2f                             0x0800408d   Thumb Code     0  fflt_clz.o(x$fpl$ffltu)
    _ffltu                                   0x0800408d   Thumb Code    38  fflt_clz.o(x$fpl$ffltu)
    __aeabi_cfcmple                          0x080040b5   Thumb Code     0  fleqf.o(x$fpl$fleqf)
    _fcmple                                  0x080040b5   Thumb Code   104  fleqf.o(x$fpl$fleqf)
    __fpl_fcmple_InfNaN                      0x08004107   Thumb Code     0  fleqf.o(x$fpl$fleqf)
    __aeabi_fmul                             0x0800411d   Thumb Code     0  fmul.o(x$fpl$fmul)
    _fmul                                    0x0800411d   Thumb Code   258  fmul.o(x$fpl$fmul)
    __fpl_fnaninf                            0x0800421f   Thumb Code   140  fnaninf.o(x$fpl$fnaninf)
    __fpl_fretinf                            0x080042ab   Thumb Code    10  fretinf.o(x$fpl$fretinf)
    __aeabi_cfrcmple                         0x080042b5   Thumb Code     0  frleqf.o(x$fpl$frleqf)
    _frcmple                                 0x080042b5   Thumb Code    98  frleqf.o(x$fpl$frleqf)
    __aeabi_fsub                             0x08004319   Thumb Code     0  faddsub_clz.o(x$fpl$fsub)
    _fsub                                    0x08004319   Thumb Code   234  faddsub_clz.o(x$fpl$fsub)
    __ieee_status                            0x08004403   Thumb Code     6  istatus.o(x$fpl$ieeestatus)
    _printf_fp_dec                           0x08004409   Thumb Code     4  printf1.o(x$fpl$printf1)
    __fpl_return_NaN                         0x0800440d   Thumb Code   100  retnan.o(x$fpl$retnan)
    __ARM_scalbn                             0x08004471   Thumb Code    92  scalbn.o(x$fpl$scalbn)
    _scanf_real                              0x080044cd   Thumb Code     4  scanf1.o(x$fpl$scanf1)
    _scanf_hex_real                          0x080044d1   Thumb Code     4  scanf2.o(x$fpl$scanf2)
    _scanf_infnan                            0x080044d5   Thumb Code     4  scanf2.o(x$fpl$scanf2)
    __fpl_cmpreturn                          0x080044d9   Thumb Code    48  trapv.o(x$fpl$trapveneer)
    __I$use$fp                               0x08004508   Number         0  usenofp.o(x$fpl$usenofp)
    Region$$Table$$Base                      0x080045b4   Number         0  anon$$obj.o(Region$$Table)
    Region$$Table$$Limit                     0x080045d4   Number         0  anon$$obj.o(Region$$Table)
    __aeabi_HUGE_VAL                         0x080045d4   Data           0  fpconst.o(c$$dinf)
    __aeabi_HUGE_VALL                        0x080045d4   Data           0  fpconst.o(c$$dinf)
    __aeabi_INFINITY                         0x080045d4   Data           0  fpconst.o(c$$dinf)
    __dInf                                   0x080045d4   Data           0  fpconst.o(c$$dinf)
    __huge_val                               0x080045d4   Data           0  fpconst.o(c$$dinf)
    __dbl_max                                0x080045dc   Data           0  fpconst.o(c$$dmax)
    __ctype                                  0x0800460d   Data           0  lc_ctype_c.o(locale$$data)
    SystemCoreClock                          0x20000000   Data           4  system_stm32f10x.o(.data)
    AHBPrescTable                            0x20000004   Data          16  system_stm32f10x.o(.data)
    __stdout                                 0x20000018   Data           4  usart.o(.data)
    USART_RX_STA                             0x2000001c   Data           2  usart.o(.data)
    NoSign                                   0x20000034   Data           6  gps.o(.data)
    Dataerror                                0x2000003a   Data           7  gps.o(.data)
    GPSDataNum                               0x20000042   Data           2  gps.o(.data)
    fixmode_tbl                              0x20000044   Data          16  gps.o(.data)
    i                                        0x20000054   Data           1  gsm.o(.data)
    j                                        0x20000055   Data           1  gsm.o(.data)
    USART3_RX_STA                            0x20000058   Data           2  usart3.o(.data)
    USART2_RX_STA                            0x2000005a   Data           2  usart2.o(.data)
    gpsx                                     0x2000005c   Data         111  main.o(.bss)
    USART_RX_BUF                             0x200000cb   Data         200  usart.o(.bss)
    GPSData                                  0x20000194   Data         100  gps.o(.bss)
    ATData                                   0x200001f8   Data         100  gps.o(.bss)
    dtbuf                                    0x2000025c   Data          50  gps.o(.bss)
    dtbuft                                   0x20000290   Data          15  gps.o(.bss)
    bit                                      0x200002a0   Data          20  gps.o(.bss)
    USART3_TX_BUF                            0x200002b8   Data        1000  usart3.o(.bss)
    USART3_RX_BUF                            0x200006a0   Data        1000  usart3.o(.bss)
    USART2_TX_BUF                            0x20000a88   Data         200  usart2.o(.bss)
    USART2_RX_BUF                            0x20000b50   Data         200  usart2.o(.bss)
    __libspace_start                         0x20000c18   Data          96  libspace.o(.bss)
    __temporary_stack_top$libspace           0x20000c78   Data           0  libspace.o(.bss)



==============================================================================

Memory Map of the image

  Image Entry point : 0x080001b5

  Load Region LR_1 (Base: 0x08000000, Size: 0x0000476c, Max: 0xffffffff, ABSOLUTE)

    Execution Region ER_RO (Exec base: 0x08000000, Load base: 0x08000000, Size: 0x00004710, Max: 0xffffffff, ABSOLUTE)

    Exec Addr    Load Addr    Size         Type   Attr      Idx    E Section Name        Object

    0x08000000   0x08000000   0x000000ec   Data   RO          291    RESET               startup_stm32f10x_md.o
    0x080000ec   0x080000ec   0x00000008   Code   RO         1728  * !!!main             c_w.l(__main.o)
    0x080000f4   0x080000f4   0x00000034   Code   RO         2089    !!!scatter          c_w.l(__scatter.o)
    0x08000128   0x08000128   0x0000001a   Code   RO         2091    !!handler_copy      c_w.l(__scatter_copy.o)
    0x08000142   0x08000142   0x00000002   PAD
    0x08000144   0x08000144   0x0000001c   Code   RO         2093    !!handler_zi        c_w.l(__scatter_zi.o)
    0x08000160   0x08000160   0x00000000   Code   RO         1717    .ARM.Collect$$_printf_percent$$00000000  c_w.l(_printf_percent.o)
    0x08000160   0x08000160   0x00000006   Code   RO         1716    .ARM.Collect$$_printf_percent$$00000003  c_w.l(_printf_f.o)
    0x08000166   0x08000166   0x00000006   Code   RO         1715    .ARM.Collect$$_printf_percent$$00000014  c_w.l(_printf_s.o)
    0x0800016c   0x0800016c   0x00000004   Code   RO         1775    .ARM.Collect$$_printf_percent$$00000017  c_w.l(_printf_percent_end.o)
    0x08000170   0x08000170   0x00000002   Code   RO         1880    .ARM.Collect$$libinit$$00000000  c_w.l(libinit.o)
    0x08000172   0x08000172   0x00000000   Code   RO         1882    .ARM.Collect$$libinit$$00000002  c_w.l(libinit2.o)
    0x08000172   0x08000172   0x00000000   Code   RO         1884    .ARM.Collect$$libinit$$00000004  c_w.l(libinit2.o)
    0x08000172   0x08000172   0x00000000   Code   RO         1887    .ARM.Collect$$libinit$$0000000A  c_w.l(libinit2.o)
    0x08000172   0x08000172   0x00000000   Code   RO         1889    .ARM.Collect$$libinit$$0000000C  c_w.l(libinit2.o)
    0x08000172   0x08000172   0x00000000   Code   RO         1891    .ARM.Collect$$libinit$$0000000E  c_w.l(libinit2.o)
    0x08000172   0x08000172   0x00000006   Code   RO         1892    .ARM.Collect$$libinit$$0000000F  c_w.l(libinit2.o)
    0x08000178   0x08000178   0x00000000   Code   RO         1894    .ARM.Collect$$libinit$$00000011  c_w.l(libinit2.o)
    0x08000178   0x08000178   0x0000000c   Code   RO         1895    .ARM.Collect$$libinit$$00000012  c_w.l(libinit2.o)
    0x08000184   0x08000184   0x00000000   Code   RO         1896    .ARM.Collect$$libinit$$00000013  c_w.l(libinit2.o)
    0x08000184   0x08000184   0x00000000   Code   RO         1898    .ARM.Collect$$libinit$$00000015  c_w.l(libinit2.o)
    0x08000184   0x08000184   0x0000000a   Code   RO         1899    .ARM.Collect$$libinit$$00000016  c_w.l(libinit2.o)
    0x0800018e   0x0800018e   0x00000000   Code   RO         1900    .ARM.Collect$$libinit$$00000017  c_w.l(libinit2.o)
    0x0800018e   0x0800018e   0x00000000   Code   RO         1902    .ARM.Collect$$libinit$$00000019  c_w.l(libinit2.o)
    0x0800018e   0x0800018e   0x00000000   Code   RO         1904    .ARM.Collect$$libinit$$0000001B  c_w.l(libinit2.o)
    0x0800018e   0x0800018e   0x00000000   Code   RO         1906    .ARM.Collect$$libinit$$0000001D  c_w.l(libinit2.o)
    0x0800018e   0x0800018e   0x00000000   Code   RO         1908    .ARM.Collect$$libinit$$0000001F  c_w.l(libinit2.o)
    0x0800018e   0x0800018e   0x00000000   Code   RO         1910    .ARM.Collect$$libinit$$00000021  c_w.l(libinit2.o)
    0x0800018e   0x0800018e   0x00000000   Code   RO         1912    .ARM.Collect$$libinit$$00000023  c_w.l(libinit2.o)
    0x0800018e   0x0800018e   0x00000000   Code   RO         1914    .ARM.Collect$$libinit$$00000025  c_w.l(libinit2.o)
    0x0800018e   0x0800018e   0x00000000   Code   RO         1918    .ARM.Collect$$libinit$$0000002C  c_w.l(libinit2.o)
    0x0800018e   0x0800018e   0x00000000   Code   RO         1920    .ARM.Collect$$libinit$$0000002E  c_w.l(libinit2.o)
    0x0800018e   0x0800018e   0x00000000   Code   RO         1922    .ARM.Collect$$libinit$$00000030  c_w.l(libinit2.o)
    0x0800018e   0x0800018e   0x00000000   Code   RO         1924    .ARM.Collect$$libinit$$00000032  c_w.l(libinit2.o)
    0x0800018e   0x0800018e   0x00000002   Code   RO         1925    .ARM.Collect$$libinit$$00000033  c_w.l(libinit2.o)
    0x08000190   0x08000190   0x00000002   Code   RO         1988    .ARM.Collect$$libshutdown$$00000000  c_w.l(libshutdown.o)
    0x08000192   0x08000192   0x00000000   Code   RO         2015    .ARM.Collect$$libshutdown$$00000002  c_w.l(libshutdown2.o)
    0x08000192   0x08000192   0x00000000   Code   RO         2017    .ARM.Collect$$libshutdown$$00000004  c_w.l(libshutdown2.o)
    0x08000192   0x08000192   0x00000000   Code   RO         2020    .ARM.Collect$$libshutdown$$00000007  c_w.l(libshutdown2.o)
    0x08000192   0x08000192   0x00000000   Code   RO         2023    .ARM.Collect$$libshutdown$$0000000A  c_w.l(libshutdown2.o)
    0x08000192   0x08000192   0x00000000   Code   RO         2025    .ARM.Collect$$libshutdown$$0000000C  c_w.l(libshutdown2.o)
    0x08000192   0x08000192   0x00000000   Code   RO         2028    .ARM.Collect$$libshutdown$$0000000F  c_w.l(libshutdown2.o)
    0x08000192   0x08000192   0x00000002   Code   RO         2029    .ARM.Collect$$libshutdown$$00000010  c_w.l(libshutdown2.o)
    0x08000194   0x08000194   0x00000000   Code   RO         1762    .ARM.Collect$$rtentry$$00000000  c_w.l(__rtentry.o)
    0x08000194   0x08000194   0x00000000   Code   RO         1790    .ARM.Collect$$rtentry$$00000002  c_w.l(__rtentry2.o)
    0x08000194   0x08000194   0x00000006   Code   RO         1802    .ARM.Collect$$rtentry$$00000004  c_w.l(__rtentry4.o)
    0x0800019a   0x0800019a   0x00000000   Code   RO         1792    .ARM.Collect$$rtentry$$00000009  c_w.l(__rtentry2.o)
    0x0800019a   0x0800019a   0x00000004   Code   RO         1793    .ARM.Collect$$rtentry$$0000000A  c_w.l(__rtentry2.o)
    0x0800019e   0x0800019e   0x00000000   Code   RO         1795    .ARM.Collect$$rtentry$$0000000C  c_w.l(__rtentry2.o)
    0x0800019e   0x0800019e   0x00000008   Code   RO         1796    .ARM.Collect$$rtentry$$0000000D  c_w.l(__rtentry2.o)
    0x080001a6   0x080001a6   0x00000002   Code   RO         1926    .ARM.Collect$$rtexit$$00000000  c_w.l(rtexit.o)
    0x080001a8   0x080001a8   0x00000000   Code   RO         1952    .ARM.Collect$$rtexit$$00000002  c_w.l(rtexit2.o)
    0x080001a8   0x080001a8   0x00000004   Code   RO         1953    .ARM.Collect$$rtexit$$00000003  c_w.l(rtexit2.o)
    0x080001ac   0x080001ac   0x00000006   Code   RO         1954    .ARM.Collect$$rtexit$$00000004  c_w.l(rtexit2.o)
    0x080001b2   0x080001b2   0x00000002   PAD
    0x080001b4   0x080001b4   0x00000040   Code   RO          292  * .text               startup_stm32f10x_md.o
    0x080001f4   0x080001f4   0x00000002   Code   RO         1681    .text               c_w.l(use_no_semi_2.o)
    0x080001f6   0x080001f6   0x00000002   PAD
    0x080001f8   0x080001f8   0x00000018   Code   RO         1687    .text               c_w.l(noretval__2printf.o)
    0x08000210   0x08000210   0x00000028   Code   RO         1689    .text               c_w.l(noretval__2sprintf.o)
    0x08000238   0x08000238   0x00000052   Code   RO         1693    .text               c_w.l(_printf_str.o)
    0x0800028a   0x0800028a   0x0000010e   Code   RO         1703    .text               c_w.l(__printf_wp.o)
    0x08000398   0x08000398   0x00000024   Code   RO         1718    .text               c_w.l(strstr.o)
    0x080003bc   0x080003bc   0x0000003e   Code   RO         1720    .text               c_w.l(strlen.o)
    0x080003fa   0x080003fa   0x00000018   Code   RO         1722    .text               c_w.l(strcat.o)
    0x08000412   0x08000412   0x00000002   PAD
    0x08000414   0x08000414   0x00000080   Code   RO         1724    .text               c_w.l(strcmpv7m.o)
    0x08000494   0x08000494   0x00000006   Code   RO         1726    .text               c_w.l(heapauxi.o)
    0x0800049a   0x0800049a   0x00000002   Code   RO         1760    .text               c_w.l(use_no_semi.o)
    0x0800049c   0x0800049c   0x00000016   Code   RO         1763    .text               c_w.l(_rserrno.o)
    0x080004b2   0x080004b2   0x0000041e   Code   RO         1765    .text               c_w.l(_printf_fp_dec.o)
    0x080008d0   0x080008d0   0x00000030   Code   RO         1767    .text               c_w.l(_printf_char_common.o)
    0x08000900   0x08000900   0x0000000a   Code   RO         1769    .text               c_w.l(_sputc.o)
    0x0800090a   0x0800090a   0x0000002c   Code   RO         1771    .text               c_w.l(_printf_char.o)
    0x08000936   0x08000936   0x00000002   PAD
    0x08000938   0x08000938   0x00000024   Code   RO         1773    .text               c_w.l(_printf_char_file.o)
    0x0800095c   0x0800095c   0x000000a4   Code   RO         1776    .text               c_w.l(strtod.o)
    0x08000a00   0x08000a00   0x00000008   Code   RO         1807    .text               c_w.l(rt_locale_intlibspace.o)
    0x08000a08   0x08000a08   0x00000008   Code   RO         1812    .text               c_w.l(rt_errno_addr_intlibspace.o)
    0x08000a10   0x08000a10   0x0000008a   Code   RO         1814    .text               c_w.l(lludiv10.o)
    0x08000a9a   0x08000a9a   0x00000012   Code   RO         1816    .text               c_w.l(isspace.o)
    0x08000aac   0x08000aac   0x00000080   Code   RO         1818    .text               c_w.l(_printf_fp_infnan.o)
    0x08000b2c   0x08000b2c   0x00000040   Code   RO         1822    .text               c_w.l(_sgetc.o)
    0x08000b6c   0x08000b6c   0x000000e4   Code   RO         1824    .text               c_w.l(bigflt0.o)
    0x08000c50   0x08000c50   0x00000008   Code   RO         1849    .text               c_w.l(ferror.o)
    0x08000c58   0x08000c58   0x00000008   Code   RO         1864    .text               c_w.l(libspace.o)
    0x08000c60   0x08000c60   0x0000004a   Code   RO         1867    .text               c_w.l(sys_stackheap_outer.o)
    0x08000caa   0x08000caa   0x00000002   PAD
    0x08000cac   0x08000cac   0x00000010   Code   RO         1869    .text               c_w.l(rt_ctype_table.o)
    0x08000cbc   0x08000cbc   0x000004f8   Code   RO         1871    .text               c_w.l(scanf_fp.o)
    0x080011b4   0x080011b4   0x00000012   Code   RO         1873    .text               c_w.l(exit.o)
    0x080011c6   0x080011c6   0x00000002   PAD
    0x080011c8   0x080011c8   0x00000320   Code   RO         1958    .text               c_w.l(scanf_hexfp.o)
    0x080014e8   0x080014e8   0x00000134   Code   RO         1960    .text               c_w.l(scanf_infnan.o)
    0x0800161c   0x0800161c   0x00000026   Code   RO         1978    .text               c_w.l(llshl.o)
    0x08001642   0x08001642   0x0000001c   Code   RO         1980    .text               c_w.l(_chval.o)
    0x0800165e   0x0800165e   0x0000003e   Code   RO         1827    CL$$btod_d2e        c_w.l(btod.o)
    0x0800169c   0x0800169c   0x00000046   Code   RO         1829    CL$$btod_d2e_denorm_low  c_w.l(btod.o)
    0x080016e2   0x080016e2   0x00000060   Code   RO         1828    CL$$btod_d2e_norm_op1  c_w.l(btod.o)
    0x08001742   0x08001742   0x00000338   Code   RO         1837    CL$$btod_div_common  c_w.l(btod.o)
    0x08001a7a   0x08001a7a   0x00000002   PAD
    0x08001a7c   0x08001a7c   0x00000084   Code   RO         1835    CL$$btod_e2d        c_w.l(btod.o)
    0x08001b00   0x08001b00   0x000000dc   Code   RO         1834    CL$$btod_e2e        c_w.l(btod.o)
    0x08001bdc   0x08001bdc   0x0000002a   Code   RO         1831    CL$$btod_ediv       c_w.l(btod.o)
    0x08001c06   0x08001c06   0x0000002a   Code   RO         1833    CL$$btod_edivd      c_w.l(btod.o)
    0x08001c30   0x08001c30   0x0000002a   Code   RO         1830    CL$$btod_emul       c_w.l(btod.o)
    0x08001c5a   0x08001c5a   0x0000002a   Code   RO         1832    CL$$btod_emuld      c_w.l(btod.o)
    0x08001c84   0x08001c84   0x00000244   Code   RO         1836    CL$$btod_mult_common  c_w.l(btod.o)
    0x08001ec8   0x08001ec8   0x00000004   Code   RO           79    i.BusFault_Handler  stm32f10x_it.o
    0x08001ecc   0x08001ecc   0x00000002   Code   RO           80    i.DebugMon_Handler  stm32f10x_it.o
    0x08001ece   0x08001ece   0x0000005c   Code   RO         1487    i.FindStr           gsm.o
    0x08001f2a   0x08001f2a   0x00000116   Code   RO          518    i.GPIO_Init         stm32f10x_gpio.o
    0x08002040   0x08002040   0x00000020   Code   RO         1389    i.GPS_Analysis      gps.o
    0x08002060   0x08002060   0x00000040   Code   RO         1488    i.GPS_Init          gsm.o
    0x080020a0   0x080020a0   0x0000002c   Code   RO         1490    i.GPS_ON            gsm.o
    0x080020cc   0x080020cc   0x00000260   Code   RO         1390    i.Gps_Get_Send_Data  gps.o
    0x0800232c   0x0800232c   0x00000004   Code   RO           81    i.HardFault_Handler  stm32f10x_it.o
    0x08002330   0x08002330   0x000000fc   Code   RO         1491    i.HttpGet           gsm.o
    0x0800242c   0x0800242c   0x0000009c   Code   RO         1492    i.Init              gsm.o
    0x080024c8   0x080024c8   0x0000002c   Code   RO         1377    i.LED_Init          led.o
    0x080024f4   0x080024f4   0x00000004   Code   RO           82    i.MemManage_Handler  stm32f10x_it.o
    0x080024f8   0x080024f8   0x00000032   Code   RO         1391    i.NMEA_Comma_Pos    gps.o
    0x0800252a   0x0800252a   0x00000002   PAD
    0x0800252c   0x0800252c   0x000000b8   Code   RO         1393    i.NMEA_GPGSA_Analysis  gps.o
    0x080025e4   0x080025e4   0x00000180   Code   RO         1395    i.NMEA_GPRMC_Analysis  gps.o
    0x08002764   0x08002764   0x0000008c   Code   RO         1396    i.NMEA_GPVTG_Analysis  gps.o
    0x080027f0   0x080027f0   0x00000016   Code   RO         1397    i.NMEA_Pow          gps.o
    0x08002806   0x08002806   0x000000ea   Code   RO         1398    i.NMEA_Str2num      gps.o
    0x080028f0   0x080028f0   0x00000002   Code   RO           83    i.NMI_Handler       stm32f10x_it.o
    0x080028f2   0x080028f2   0x00000002   PAD
    0x080028f4   0x080028f4   0x00000070   Code   RO          296    i.NVIC_Init         misc.o
    0x08002964   0x08002964   0x00000014   Code   RO          297    i.NVIC_PriorityGroupConfig  misc.o
    0x08002978   0x08002978   0x00000002   Code   RO           84    i.PendSV_Handler    stm32f10x_it.o
    0x0800297a   0x0800297a   0x00000002   PAD
    0x0800297c   0x0800297c   0x00000020   Code   RO          628    i.RCC_APB1PeriphClockCmd  stm32f10x_rcc.o
    0x0800299c   0x0800299c   0x00000020   Code   RO          629    i.RCC_APB1PeriphResetCmd  stm32f10x_rcc.o
    0x080029bc   0x080029bc   0x00000020   Code   RO          630    i.RCC_APB2PeriphClockCmd  stm32f10x_rcc.o
    0x080029dc   0x080029dc   0x00000020   Code   RO          631    i.RCC_APB2PeriphResetCmd  stm32f10x_rcc.o
    0x080029fc   0x080029fc   0x000000d4   Code   RO          638    i.RCC_GetClocksFreq  stm32f10x_rcc.o
    0x08002ad0   0x08002ad0   0x000001d0   Code   RO         1493    i.SIM_Connect       gsm.o
    0x08002ca0   0x08002ca0   0x00000002   Code   RO           85    i.SVC_Handler       stm32f10x_it.o
    0x08002ca2   0x08002ca2   0x00000002   PAD
    0x08002ca4   0x08002ca4   0x00000048   Code   RO         1612    i.SendAT            usart2.o
    0x08002cec   0x08002cec   0x00000008   Code   RO          142    i.SetSysClock       system_stm32f10x.o
    0x08002cf4   0x08002cf4   0x000000e0   Code   RO          143    i.SetSysClockTo72   system_stm32f10x.o
    0x08002dd4   0x08002dd4   0x00000028   Code   RO          300    i.SysTick_CLKSourceConfig  misc.o
    0x08002dfc   0x08002dfc   0x00000002   Code   RO           86    i.SysTick_Handler   stm32f10x_it.o
    0x08002dfe   0x08002dfe   0x00000002   PAD
    0x08002e00   0x08002e00   0x00000060   Code   RO          145    i.SystemInit        system_stm32f10x.o
    0x08002e60   0x08002e60   0x0000002c   Code   RO         1614    i.TIM2_IRQHandler   usart2.o
    0x08002e8c   0x08002e8c   0x00000054   Code   RO         1615    i.TIM2_Init         usart2.o
    0x08002ee0   0x08002ee0   0x00000026   Code   RO         1616    i.TIM2_Set          usart2.o
    0x08002f06   0x08002f06   0x00000002   PAD
    0x08002f08   0x08002f08   0x00000030   Code   RO         1569    i.TIM3_IRQHandler   usart3.o
    0x08002f38   0x08002f38   0x00000058   Code   RO         1570    i.TIM3_Init         usart3.o
    0x08002f90   0x08002f90   0x00000028   Code   RO         1571    i.TIM3_Set          usart3.o
    0x08002fb8   0x08002fb8   0x00000006   Code   RO          837    i.TIM_ClearITPendingBit  stm32f10x_tim.o
    0x08002fbe   0x08002fbe   0x00000018   Code   RO          842    i.TIM_Cmd           stm32f10x_tim.o
    0x08002fd6   0x08002fd6   0x00000022   Code   RO          863    i.TIM_GetITStatus   stm32f10x_tim.o
    0x08002ff8   0x08002ff8   0x00000012   Code   RO          867    i.TIM_ITConfig      stm32f10x_tim.o
    0x0800300a   0x0800300a   0x00000004   Code   RO          907    i.TIM_SetCounter    stm32f10x_tim.o
    0x0800300e   0x0800300e   0x00000002   PAD
    0x08003010   0x08003010   0x000000a4   Code   RO          913    i.TIM_TimeBaseInit  stm32f10x_tim.o
    0x080030b4   0x080030b4   0x00000088   Code   RO          237    i.USART1_IRQHandler  usart.o
    0x0800313c   0x0800313c   0x00000064   Code   RO         1617    i.USART2_IRQHandler  usart2.o
    0x080031a0   0x080031a0   0x000000c0   Code   RO         1618    i.USART2_Init       usart2.o
    0x08003260   0x08003260   0x0000002c   Code   RO         1619    i.USART2_SendByte   usart2.o
    0x0800328c   0x0800328c   0x0000001a   Code   RO         1620    i.USART2_Write      usart2.o
    0x080032a6   0x080032a6   0x00000002   PAD
    0x080032a8   0x080032a8   0x00000068   Code   RO         1572    i.USART3_IRQHandler  usart3.o
    0x08003310   0x08003310   0x000000c4   Code   RO         1573    i.USART3_Init       usart3.o
    0x080033d4   0x080033d4   0x00000018   Code   RO          336    i.USART_Cmd         stm32f10x_usart.o
    0x080033ec   0x080033ec   0x0000009c   Code   RO          338    i.USART_DeInit      stm32f10x_usart.o
    0x08003488   0x08003488   0x00000054   Code   RO          340    i.USART_GetITStatus  stm32f10x_usart.o
    0x080034dc   0x080034dc   0x0000004a   Code   RO          342    i.USART_ITConfig    stm32f10x_usart.o
    0x08003526   0x08003526   0x00000002   PAD
    0x08003528   0x08003528   0x000000d8   Code   RO          343    i.USART_Init        stm32f10x_usart.o
    0x08003600   0x08003600   0x0000000a   Code   RO          350    i.USART_ReceiveData  stm32f10x_usart.o
    0x0800360a   0x0800360a   0x00000004   Code   RO           87    i.UsageFault_Handler  stm32f10x_it.o
    0x0800360e   0x0800360e   0x00000002   PAD
    0x08003610   0x08003610   0x0000007c   Code   RO         1495    i.WaitForStr        gsm.o
    0x0800368c   0x0800368c   0x00000028   Code   RO         1862    i.__ARM_fpclassify  m_ws.l(fpclassify.o)
    0x080036b4   0x080036b4   0x0000000e   Code   RO         2036    i.__mathlib_dbl_overflow  m_ws.l(dunder.o)
    0x080036c2   0x080036c2   0x00000002   PAD
    0x080036c4   0x080036c4   0x00000010   Code   RO         2038    i.__mathlib_dbl_underflow  m_ws.l(dunder.o)
    0x080036d4   0x080036d4   0x00000010   Code   RO         1945    i.__mathlib_narrow  m_ws.l(narrow.o)
    0x080036e4   0x080036e4   0x000000bc   Code   RO         1946    i.__mathlib_tofloat  m_ws.l(narrow.o)
    0x080037a0   0x080037a0   0x00000016   Code   RO         1996    i.__support_ldexp   m_ws.l(ldexp.o)
    0x080037b6   0x080037b6   0x0000000e   Code   RO         1705    i._is_digit         c_w.l(__printf_wp.o)
    0x080037c4   0x080037c4   0x00000006   Code   RO          238    i._sys_exit         usart.o
    0x080037ca   0x080037ca   0x0000002a   Code   RO         1757    i.atof              m_ws.l(atof.o)
    0x080037f4   0x080037f4   0x00000044   Code   RO          176    i.delay_init        delay.o
    0x08003838   0x08003838   0x0000004c   Code   RO          177    i.delay_ms          delay.o
    0x08003884   0x08003884   0x00000018   Code   RO          178    i.delay_s           delay.o
    0x0800389c   0x0800389c   0x0000001c   Code   RO          239    i.fputc             usart.o
    0x080038b8   0x080038b8   0x00000058   Code   RO         1971    i.frexp             m_ws.l(frexp.o)
    0x08003910   0x08003910   0x00000074   Code   RO         1997    i.ldexp             m_ws.l(ldexp.o)
    0x08003984   0x08003984   0x00000098   Code   RO            1    i.main              main.o
    0x08003a1c   0x08003a1c   0x000000a0   Code   RO          240    i.uart_init         usart.o
    0x08003abc   0x08003abc   0x0000002c   Code   RO         1854    locale$$code        c_w.l(lc_numeric_c.o)
    0x08003ae8   0x08003ae8   0x0000002c   Code   RO         1929    locale$$code        c_w.l(lc_ctype_c.o)
    0x08003b14   0x08003b14   0x00000062   Code   RO         1730    x$fpl$d2f           fz_ws.l(d2f.o)
    0x08003b76   0x08003b76   0x00000002   PAD
    0x08003b78   0x08003b78   0x00000010   Code   RO         2030    x$fpl$dcheck1       fz_ws.l(dcheck1.o)
    0x08003b88   0x08003b88   0x00000018   Code   RO         1989    x$fpl$dcmpinf       fz_ws.l(dcmpi.o)
    0x08003ba0   0x08003ba0   0x00000078   Code   RO         1966    x$fpl$deqf          fz_ws.l(deqf.o)
    0x08003c18   0x08003c18   0x00000078   Code   RO         1991    x$fpl$dleqf         fz_ws.l(dleqf.o)
    0x08003c90   0x08003c90   0x0000009c   Code   RO         1778    x$fpl$dnaninf       fz_ws.l(dnaninf.o)
    0x08003d2c   0x08003d2c   0x0000000c   Code   RO         1780    x$fpl$dretinf       fz_ws.l(dretinf.o)
    0x08003d38   0x08003d38   0x0000006c   Code   RO         1968    x$fpl$drleqf        fz_ws.l(drleqf.o)
    0x08003da4   0x08003da4   0x00000056   Code   RO         1732    x$fpl$f2d           fz_ws.l(f2d.o)
    0x08003dfa   0x08003dfa   0x00000002   PAD
    0x08003dfc   0x08003dfc   0x000000c4   Code   RO         1734    x$fpl$fadd          fz_ws.l(faddsub_clz.o)
    0x08003ec0   0x08003ec0   0x00000018   Code   RO         1856    x$fpl$fcmpinf       fz_ws.l(fcmpi.o)
    0x08003ed8   0x08003ed8   0x00000184   Code   RO         1741    x$fpl$fdiv          fz_ws.l(fdiv.o)
    0x0800405c   0x0800405c   0x00000030   Code   RO         1745    x$fpl$fflt          fz_ws.l(fflt_clz.o)
    0x0800408c   0x0800408c   0x00000026   Code   RO         1744    x$fpl$ffltu         fz_ws.l(fflt_clz.o)
    0x080040b2   0x080040b2   0x00000002   PAD
    0x080040b4   0x080040b4   0x00000068   Code   RO         1782    x$fpl$fleqf         fz_ws.l(fleqf.o)
    0x0800411c   0x0800411c   0x00000102   Code   RO         1750    x$fpl$fmul          fz_ws.l(fmul.o)
    0x0800421e   0x0800421e   0x0000008c   Code   RO         1784    x$fpl$fnaninf       fz_ws.l(fnaninf.o)
    0x080042aa   0x080042aa   0x0000000a   Code   RO         1786    x$fpl$fretinf       fz_ws.l(fretinf.o)
    0x080042b4   0x080042b4   0x00000062   Code   RO         1752    x$fpl$frleqf        fz_ws.l(frleqf.o)
    0x08004316   0x08004316   0x00000002   PAD
    0x08004318   0x08004318   0x000000ea   Code   RO         1736    x$fpl$fsub          fz_ws.l(faddsub_clz.o)
    0x08004402   0x08004402   0x00000006   Code   RO         1858    x$fpl$ieeestatus    fz_ws.l(istatus.o)
    0x08004408   0x08004408   0x00000004   Code   RO         1754    x$fpl$printf1       fz_ws.l(printf1.o)
    0x0800440c   0x0800440c   0x00000064   Code   RO         2063    x$fpl$retnan        fz_ws.l(retnan.o)
    0x08004470   0x08004470   0x0000005c   Code   RO         1993    x$fpl$scalbn        fz_ws.l(scalbn.o)
    0x080044cc   0x080044cc   0x00000004   Code   RO         1860    x$fpl$scanf1        fz_ws.l(scanf1.o)
    0x080044d0   0x080044d0   0x00000008   Code   RO         1939    x$fpl$scanf2        fz_ws.l(scanf2.o)
    0x080044d8   0x080044d8   0x00000030   Code   RO         2069    x$fpl$trapveneer    fz_ws.l(trapv.o)
    0x08004508   0x08004508   0x00000000   Code   RO         1788    x$fpl$usenofp       fz_ws.l(usenofp.o)
    0x08004508   0x08004508   0x00000094   Data   RO         1825    .constdata          c_w.l(bigflt0.o)
    0x0800459c   0x0800459c   0x00000015   Data   RO         1400    .conststring        gps.o
    0x080045b1   0x080045b1   0x00000003   PAD
    0x080045b4   0x080045b4   0x00000020   Data   RO         2087    Region$$Table       anon$$obj.o
    0x080045d4   0x080045d4   0x00000008   Data   RO         1933    c$$dinf             fz_ws.l(fpconst.o)
    0x080045dc   0x080045dc   0x00000008   Data   RO         1936    c$$dmax             fz_ws.l(fpconst.o)
    0x080045e4   0x080045e4   0x0000001c   Data   RO         1853    locale$$data        c_w.l(lc_numeric_c.o)
    0x08004600   0x08004600   0x00000110   Data   RO         1928    locale$$data        c_w.l(lc_ctype_c.o)


    Execution Region ER_RW (Exec base: 0x20000000, Load base: 0x08004710, Size: 0x0000005c, Max: 0xffffffff, ABSOLUTE)

    Exec Addr    Load Addr    Size         Type   Attr      Idx    E Section Name        Object

    0x20000000   0x08004710   0x00000014   Data   RW          146    .data               system_stm32f10x.o
    0x20000014   0x08004724   0x00000004   Data   RW          180    .data               delay.o
    0x20000018   0x08004728   0x00000006   Data   RW          242    .data               usart.o
    0x2000001e   0x0800472e   0x00000014   Data   RW          658    .data               stm32f10x_rcc.o
    0x20000032   0x08004742   0x00000002   PAD
    0x20000034   0x08004744   0x00000020   Data   RW         1401    .data               gps.o
    0x20000054   0x08004764   0x00000003   Data   RW         1497    .data               gsm.o
    0x20000057   0x08004767   0x00000001   PAD
    0x20000058   0x08004768   0x00000002   Data   RW         1575    .data               usart3.o
    0x2000005a   0x0800476a   0x00000002   Data   RW         1622    .data               usart2.o


    Execution Region ER_ZI (Exec base: 0x2000005c, Load base: 0x0800476c, Size: 0x0000121c, Max: 0xffffffff, ABSOLUTE)

    Exec Addr    Load Addr    Size         Type   Attr      Idx    E Section Name        Object

    0x2000005c        -       0x0000006f   Zero   RW            2    .bss                main.o
    0x200000cb        -       0x000000c8   Zero   RW          241    .bss                usart.o
    0x20000193   0x0800476c   0x00000001   PAD
    0x20000194        -       0x00000120   Zero   RW         1399    .bss                gps.o
    0x200002b4   0x0800476c   0x00000004   PAD
    0x200002b8        -       0x000007d0   Zero   RW         1574    .bss                usart3.o
    0x20000a88        -       0x00000190   Zero   RW         1621    .bss                usart2.o
    0x20000c18        -       0x00000060   Zero   RW         1865    .bss                c_w.l(libspace.o)
    0x20000c78        -       0x00000200   Zero   RW          290    HEAP                startup_stm32f10x_md.o
    0x20000e78        -       0x00000400   Zero   RW          289    STACK               startup_stm32f10x_md.o


==============================================================================

Image component sizes


      Code (inc. data)   RO Data    RW Data    ZI Data      Debug   Object Name

         0          0          0          0          0         32   core_cm3.o
       168         22          0          4          0     206170   delay.o
      1654        254         21         32        288       9661   gps.o
      1196        478          0          3          0       6853   gsm.o
        44          6          0          0          0        655   led.o
       152         20          0          0        111     232218   main.o
       172         22          0          0          0       2709   misc.o
        64         26        236          0       1536        916   startup_stm32f10x_md.o
       278          0          0          0          0       2284   stm32f10x_gpio.o
        26          0          0          0          0       5326   stm32f10x_it.o
       340         44          0         20          0       6716   stm32f10x_rcc.o
       250         42          0          0          0      25755   stm32f10x_tim.o
       564         28          0          0          0       6765   stm32f10x_usart.o
       328         28          0         20          0       2977   system_stm32f10x.o
       330         26          0          6        200       5228   usart.o
       600         42          0          2        400       7189   usart2.o
       476         50          0          2       2000       4959   usart3.o

    ----------------------------------------------------------------------
      6662       1088        292         92       4540     526413   Object Totals
         0          0         32          0          0          0   (incl. Generated)
        20          0          3          3          5          0   (incl. Padding)

    ----------------------------------------------------------------------

      Code (inc. data)   RO Data    RW Data    ZI Data      Debug   Library Member Name

         8          0          0          0          0         68   __main.o
       284          0          0          0          0        156   __printf_wp.o
         0          0          0          0          0          0   __rtentry.o
        12          0          0          0          0          0   __rtentry2.o
         6          0          0          0          0          0   __rtentry4.o
        52          8          0          0          0          0   __scatter.o
        26          0          0          0          0          0   __scatter_copy.o
        28          0          0          0          0          0   __scatter_zi.o
        28          0          0          0          0         68   _chval.o
        44          0          0          0          0        108   _printf_char.o
        48          6          0          0          0         96   _printf_char_common.o
        36          4          0          0          0         80   _printf_char_file.o
         6          0          0          0          0          0   _printf_f.o
      1054          0          0          0          0        216   _printf_fp_dec.o
       128         16          0          0          0         84   _printf_fp_infnan.o
         0          0          0          0          0          0   _printf_percent.o
         4          0          0          0          0          0   _printf_percent_end.o
         6          0          0          0          0          0   _printf_s.o
        82          0          0          0          0         80   _printf_str.o
        22          0          0          0          0        100   _rserrno.o
        64          0          0          0          0         84   _sgetc.o
        10          0          0          0          0         68   _sputc.o
       228          4        148          0          0         96   bigflt0.o
      2152        136          0          0          0        960   btod.o
        18          0          0          0          0         80   exit.o
         8          0          0          0          0         68   ferror.o
         6          0          0          0          0        152   heapauxi.o
        18          0          0          0          0         76   isspace.o
        44         10        272          0          0         76   lc_ctype_c.o
        44         10         28          0          0         76   lc_numeric_c.o
         2          0          0          0          0          0   libinit.o
        30          0          0          0          0          0   libinit2.o
         2          0          0          0          0          0   libshutdown.o
         2          0          0          0          0          0   libshutdown2.o
         8          4          0          0         96         68   libspace.o
        38          0          0          0          0         68   llshl.o
       138          0          0          0          0         80   lludiv10.o
        24          4          0          0          0         84   noretval__2printf.o
        40          6          0          0          0         84   noretval__2sprintf.o
        16          4          0          0          0         76   rt_ctype_table.o
         8          4          0          0          0         68   rt_errno_addr_intlibspace.o
         8          4          0          0          0         68   rt_locale_intlibspace.o
         2          0          0          0          0          0   rtexit.o
        10          0          0          0          0          0   rtexit2.o
      1272         16          0          0          0        168   scanf_fp.o
       800         14          0          0          0        100   scanf_hexfp.o
       308         16          0          0          0        100   scanf_infnan.o
        24          0          0          0          0         68   strcat.o
       128          0          0          0          0         68   strcmpv7m.o
        62          0          0          0          0         76   strlen.o
        36          0          0          0          0         80   strstr.o
       164         14          0          0          0        120   strtod.o
        74          0          0          0          0         80   sys_stackheap_outer.o
         2          0          0          0          0         68   use_no_semi.o
         2          0          0          0          0         68   use_no_semi_2.o
        98          4          0          0          0         92   d2f.o
        16          4          0          0          0         68   dcheck1.o
        24          0          0          0          0         68   dcmpi.o
       120          4          0          0          0         92   deqf.o
       120          4          0          0          0         92   dleqf.o
       156          4          0          0          0         92   dnaninf.o
        12          0          0          0          0         68   dretinf.o
       108          0          0          0          0         80   drleqf.o
        86          4          0          0          0         84   f2d.o
       430          8          0          0          0        168   faddsub_clz.o
        24          0          0          0          0         68   fcmpi.o
       388         76          0          0          0         96   fdiv.o
        86          0          0          0          0        136   fflt_clz.o
       104          4          0          0          0         84   fleqf.o
       258          4          0          0          0         84   fmul.o
       140          4          0          0          0         84   fnaninf.o
         0          0         16          0          0          0   fpconst.o
        10          0          0          0          0         68   fretinf.o
        98          0          0          0          0         68   frleqf.o
         6          0          0          0          0         68   istatus.o
         4          0          0          0          0         68   printf1.o
       100          0          0          0          0         68   retnan.o
        92          0          0          0          0         68   scalbn.o
         4          0          0          0          0         68   scanf1.o
         8          0          0          0          0         84   scanf2.o
        48          0          0          0          0         68   trapv.o
         0          0          0          0          0          0   usenofp.o
        42          0          0          0          0         84   atof.o
        30          6          0          0          0        136   dunder.o
        40          0          0          0          0         68   fpclassify.o
        88          8          0          0          0         76   frexp.o
       138          0          0          0          0        160   ldexp.o
       204          4          0          0          0        168   narrow.o

    ----------------------------------------------------------------------
     10774        420        464          0         96       7160   Library Totals
        26          2          0          0          0          0   (incl. Padding)

    ----------------------------------------------------------------------

      Code (inc. data)   RO Data    RW Data    ZI Data      Debug   Library Name

      7666        280        448          0         96       4384   c_w.l
      2540        120         16          0          0       2084   fz_ws.l
       542         18          0          0          0        692   m_ws.l

    ----------------------------------------------------------------------
     10774        420        464          0         96       7160   Library Totals

    ----------------------------------------------------------------------

==============================================================================


      Code (inc. data)   RO Data    RW Data    ZI Data      Debug   

     17436       1508        756         92       4636     525821   Grand Totals
     17436       1508        756         92       4636     525821   ELF Image Totals
     17436       1508        756         92          0          0   ROM Totals

==============================================================================

    Total RO  Size (Code + RO Data)                18192 (  17.77kB)
    Total RW  Size (RW Data + ZI Data)              4728 (   4.62kB)
    Total ROM Size (Code + RO Data + RW Data)      18284 (  17.86kB)

==============================================================================

