<html>
<body>
<pre>
<h1>礦ision Build Log</h1>
<h2>Tool Versions:</h2>
IDE-Version: μVision V5.28.0.0
Copyright (C) 2019 ARM Ltd and ARM Germany GmbH. All rights reserved.
License Information: 69 Dell, 6969, LIC=HF8RA-12E8G-LTA3E-5S3HA-H6EJN-ZYQA7
 
Tool Versions:
Toolchain:       MDK-ARM Professional  Version: 5.28.0.0
Toolchain Path:  E:\Keil5 MDK\ARM\ARMCC\Bin
C Compiler:      Armcc.exe V5.06 update 6 (build 750)
Assembler:       Armasm.exe V5.06 update 6 (build 750)
Linker/Locator:  ArmLink.exe V5.06 update 6 (build 750)
Library Manager: ArmAr.exe V5.06 update 6 (build 750)
Hex Converter:   FromElf.exe V5.06 update 6 (build 750)
CPU DLL:         SARMCM3.DLL V5.28.0.0
Dialog DLL:      DCM.DLL V1.17.3.0
Target DLL:      Segger\JL2CM3.dll V2.99.23.0
Dialog DLL:      TCM.DLL V1.36.2.0
 
<h2>Project:</h2>
D:\个人档案\物联网171\学习资料\物联网应用技术\3. 设计报告\物联网171-第一组-电动车定位系统\物联网171-第一组-电动车定位系统\1. 电动车定位系统设计资料\项目工程\硬件端\GPS定位\USER\GPS+GPRS.uvprojx
Project File Date:  04/01/2019

<h2>Output:</h2>
*** Using Compiler 'V5.06 update 6 (build 750)', folder: 'E:\Keil5 MDK\ARM\ARMCC\Bin'
Build target 'Target 1'
compiling gsm.c...
..\FWLIB\GSM\gsm.c(196): warning:  #177-D: variable "t"  was declared but never referenced
  	u16 t=360;
..\FWLIB\GSM\gsm.c: 1 warning, 0 errors
linking...
Program Size: Code=17436 RO-data=756 RW-data=92 ZI-data=4636  
FromELF: creating hex file...
"..\OBJ\TEST.axf" - 0 Error(s), 1 Warning(s).

<h2>Software Packages used:</h2>

Package Vendor: Keil
                http://www.keil.com/pack/Keil.STM32F1xx_DFP.2.3.0.pack
                Keil.STM32F1xx_DFP.2.3.0
                STMicroelectronics STM32F1 Series Device Support, Drivers and Examples

<h2>Collection of Component include folders:</h2>
  .\RTE\_Target_1
  E:\Keil5 MDK\ARM\PACK\Keil\STM32F1xx_DFP\2.3.0\Device\Include

<h2>Collection of Component Files used:</h2>
Build Time Elapsed:  00:00:01
</pre>
</body>
</html>
